Archive member included to satisfy reference by file (symbol)

C:/ST/STM32CubeCLT_1.21.0/GNU-tools-for-STM32/bin/../lib/gcc/arm-none-eabi/14.3.1/../../../../arm-none-eabi/lib/thumb/v7-m/nofp\libc_nano.a(libc_a-exit.o)
                              C:/ST/STM32CubeCLT_1.21.0/GNU-tools-for-STM32/bin/../lib/gcc/arm-none-eabi/14.3.1/../../../../arm-none-eabi/lib/thumb/v7-m/nofp/crt0.o (exit)
C:/ST/STM32CubeCLT_1.21.0/GNU-tools-for-STM32/bin/../lib/gcc/arm-none-eabi/14.3.1/../../../../arm-none-eabi/lib/thumb/v7-m/nofp\libc_nano.a(libc_a-findfp.o)
                              C:/ST/STM32CubeCLT_1.21.0/GNU-tools-for-STM32/bin/../lib/gcc/arm-none-eabi/14.3.1/../../../../arm-none-eabi/lib/thumb/v7-m/nofp\libc_nano.a(libc_a-exit.o) (__stdio_exit_handler)
C:/ST/STM32CubeCLT_1.21.0/GNU-tools-for-STM32/bin/../lib/gcc/arm-none-eabi/14.3.1/../../../../arm-none-eabi/lib/thumb/v7-m/nofp\libc_nano.a(libc_a-fwalk.o)
                              C:/ST/STM32CubeCLT_1.21.0/GNU-tools-for-STM32/bin/../lib/gcc/arm-none-eabi/14.3.1/../../../../arm-none-eabi/lib/thumb/v7-m/nofp\libc_nano.a(libc_a-findfp.o) (_fwalk_sglue)
C:/ST/STM32CubeCLT_1.21.0/GNU-tools-for-STM32/bin/../lib/gcc/arm-none-eabi/14.3.1/../../../../arm-none-eabi/lib/thumb/v7-m/nofp\libc_nano.a(libc_a-stdio.o)
                              C:/ST/STM32CubeCLT_1.21.0/GNU-tools-for-STM32/bin/../lib/gcc/arm-none-eabi/14.3.1/../../../../arm-none-eabi/lib/thumb/v7-m/nofp\libc_nano.a(libc_a-findfp.o) (__sread)
C:/ST/STM32CubeCLT_1.21.0/GNU-tools-for-STM32/bin/../lib/gcc/arm-none-eabi/14.3.1/../../../../arm-none-eabi/lib/thumb/v7-m/nofp\libc_nano.a(libc_a-memset.o)
                              C:/ST/STM32CubeCLT_1.21.0/GNU-tools-for-STM32/bin/../lib/gcc/arm-none-eabi/14.3.1/../../../../arm-none-eabi/lib/thumb/v7-m/nofp/crt0.o (memset)
C:/ST/STM32CubeCLT_1.21.0/GNU-tools-for-STM32/bin/../lib/gcc/arm-none-eabi/14.3.1/../../../../arm-none-eabi/lib/thumb/v7-m/nofp\libc_nano.a(libc_a-closer.o)
                              C:/ST/STM32CubeCLT_1.21.0/GNU-tools-for-STM32/bin/../lib/gcc/arm-none-eabi/14.3.1/../../../../arm-none-eabi/lib/thumb/v7-m/nofp\libc_nano.a(libc_a-stdio.o) (_close_r)
C:/ST/STM32CubeCLT_1.21.0/GNU-tools-for-STM32/bin/../lib/gcc/arm-none-eabi/14.3.1/../../../../arm-none-eabi/lib/thumb/v7-m/nofp\libc_nano.a(libc_a-reent.o)
                              C:/ST/STM32CubeCLT_1.21.0/GNU-tools-for-STM32/bin/../lib/gcc/arm-none-eabi/14.3.1/../../../../arm-none-eabi/lib/thumb/v7-m/nofp\libc_nano.a(libc_a-closer.o) (errno)
C:/ST/STM32CubeCLT_1.21.0/GNU-tools-for-STM32/bin/../lib/gcc/arm-none-eabi/14.3.1/../../../../arm-none-eabi/lib/thumb/v7-m/nofp\libc_nano.a(libc_a-impure.o)
                              C:/ST/STM32CubeCLT_1.21.0/GNU-tools-for-STM32/bin/../lib/gcc/arm-none-eabi/14.3.1/../../../../arm-none-eabi/lib/thumb/v7-m/nofp\libc_nano.a(libc_a-reent.o) (_impure_ptr)
C:/ST/STM32CubeCLT_1.21.0/GNU-tools-for-STM32/bin/../lib/gcc/arm-none-eabi/14.3.1/../../../../arm-none-eabi/lib/thumb/v7-m/nofp\libc_nano.a(libc_a-lseekr.o)
                              C:/ST/STM32CubeCLT_1.21.0/GNU-tools-for-STM32/bin/../lib/gcc/arm-none-eabi/14.3.1/../../../../arm-none-eabi/lib/thumb/v7-m/nofp\libc_nano.a(libc_a-stdio.o) (_lseek_r)
C:/ST/STM32CubeCLT_1.21.0/GNU-tools-for-STM32/bin/../lib/gcc/arm-none-eabi/14.3.1/../../../../arm-none-eabi/lib/thumb/v7-m/nofp\libc_nano.a(libc_a-readr.o)
                              C:/ST/STM32CubeCLT_1.21.0/GNU-tools-for-STM32/bin/../lib/gcc/arm-none-eabi/14.3.1/../../../../arm-none-eabi/lib/thumb/v7-m/nofp\libc_nano.a(libc_a-stdio.o) (_read_r)
C:/ST/STM32CubeCLT_1.21.0/GNU-tools-for-STM32/bin/../lib/gcc/arm-none-eabi/14.3.1/../../../../arm-none-eabi/lib/thumb/v7-m/nofp\libc_nano.a(libc_a-writer.o)
                              C:/ST/STM32CubeCLT_1.21.0/GNU-tools-for-STM32/bin/../lib/gcc/arm-none-eabi/14.3.1/../../../../arm-none-eabi/lib/thumb/v7-m/nofp\libc_nano.a(libc_a-stdio.o) (_write_r)
C:/ST/STM32CubeCLT_1.21.0/GNU-tools-for-STM32/bin/../lib/gcc/arm-none-eabi/14.3.1/../../../../arm-none-eabi/lib/thumb/v7-m/nofp\libc_nano.a(libc_a-errno.o)
                              D:\My_Workspace\stm32-workspace\led_links\build\syscalls.o (__errno)
C:/ST/STM32CubeCLT_1.21.0/GNU-tools-for-STM32/bin/../lib/gcc/arm-none-eabi/14.3.1/../../../../arm-none-eabi/lib/thumb/v7-m/nofp\libc_nano.a(libc_a-init.o)
                              C:/ST/STM32CubeCLT_1.21.0/GNU-tools-for-STM32/bin/../lib/gcc/arm-none-eabi/14.3.1/../../../../arm-none-eabi/lib/thumb/v7-m/nofp/crt0.o (__libc_init_array)
C:/ST/STM32CubeCLT_1.21.0/GNU-tools-for-STM32/bin/../lib/gcc/arm-none-eabi/14.3.1/../../../../arm-none-eabi/lib/thumb/v7-m/nofp\libc_nano.a(libc_a-lock.o)
                              C:/ST/STM32CubeCLT_1.21.0/GNU-tools-for-STM32/bin/../lib/gcc/arm-none-eabi/14.3.1/../../../../arm-none-eabi/lib/thumb/v7-m/nofp\libc_nano.a(libc_a-findfp.o) (__retarget_lock_init_recursive)
[...]
Memory Configuration

Name             Origin             Length             Attributes
RAM              0x20000000         0x00005000         xrw
FLASH            0x08000000         0x00010000         xr
*default*        0x00000000         0xffffffff

Linker script and memory map

LOAD C:/ST/STM32CubeCLT_1.21.0/GNU-tools-for-STM32/bin/../lib/gcc/arm-none-eabi/14.3.1/thumb/v7-m/nofp/crti.o
LOAD C:/ST/STM32CubeCLT_1.21.0/GNU-tools-for-STM32/bin/../lib/gcc/arm-none-eabi/14.3.1/thumb/v7-m/nofp/crtbegin.o
LOAD C:/ST/STM32CubeCLT_1.21.0/GNU-tools-for-STM32/bin/../lib/gcc/arm-none-eabi/14.3.1/../../../../arm-none-eabi/lib/thumb/v7-m/nofp/crt0.o
LOAD D:\My_Workspace\stm32-workspace\led_links\build\main.o
LOAD D:\My_Workspace\stm32-workspace\led_links\build\startup_stm32f103xb.o
LOAD D:\My_Workspace\stm32-workspace\led_links\build\stm32f1xx_hal.o
LOAD D:\My_Workspace\stm32-workspace\led_links\build\stm32f1xx_hal_cortex.o
LOAD D:\My_Workspace\stm32-workspace\led_links\build\stm32f1xx_hal_dma.o
LOAD D:\My_Workspace\stm32-workspace\led_links\build\stm32f1xx_hal_exti.o
LOAD D:\My_Workspace\stm32-workspace\led_links\build\stm32f1xx_hal_flash.o
LOAD D:\My_Workspace\stm32-workspace\led_links\build\stm32f1xx_hal_flash_ex.o
LOAD D:\My_Workspace\stm32-workspace\led_links\build\stm32f1xx_hal_gpio.o
LOAD D:\My_Workspace\stm32-workspace\led_links\build\stm32f1xx_hal_gpio_ex.o
LOAD D:\My_Workspace\stm32-workspace\led_links\build\stm32f1xx_hal_msp.o
LOAD D:\My_Workspace\stm32-workspace\led_links\build\stm32f1xx_hal_pwr.o
LOAD D:\My_Workspace\stm32-workspace\led_links\build\stm32f1xx_hal_rcc.o
LOAD D:\My_Workspace\stm32-workspace\led_links\build\stm32f1xx_hal_rcc_ex.o
LOAD D:\My_Workspace\stm32-workspace\led_links\build\stm32f1xx_it.o
LOAD D:\My_Workspace\stm32-workspace\led_links\build\syscalls.o
LOAD D:\My_Workspace\stm32-workspace\led_links\build\sysmem.o
LOAD D:\My_Workspace\stm32-workspace\led_links\build\system_stm32f1xx.o
LOAD C:/ST/STM32CubeCLT_1.21.0/GNU-tools-for-STM32/bin/../lib/gcc/arm-none-eabi/14.3.1/../../../../arm-none-eabi/lib/thumb/v7-m/nofp\libc_nano.a
LOAD C:/ST/STM32CubeCLT_1.21.0/GNU-tools-for-STM32/bin/../lib/gcc/arm-none-eabi/14.3.1/../../../../arm-none-eabi/lib/thumb/v7-m/nofp\libm.a
LOAD C:/ST/STM32CubeCLT_1.21.0/GNU-tools-for-STM32/bin/../lib/gcc/arm-none-eabi/14.3.1/../../../../arm-none-eabi/lib/thumb/v7-m/nofp\libnosys.a
START GROUP
LOAD C:/ST/STM32CubeCLT_1.21.0/GNU-tools-for-STM32/bin/../lib/gcc/arm-none-eabi/14.3.1/thumb/v7-m/nofp\libgcc.a
LOAD C:/ST/STM32CubeCLT_1.21.0/GNU-tools-for-STM32/bin/../lib/gcc/arm-none-eabi/14.3.1/../../../../arm-none-eabi/lib/thumb/v7-m/nofp\libc_nano.a
END GROUP
START GROUP
LOAD C:/ST/STM32CubeCLT_1.21.0/GNU-tools-for-STM32/bin/../lib/gcc/arm-none-eabi/14.3.1/thumb/v7-m/nofp\libgcc.a
LOAD C:/ST/STM32CubeCLT_1.21.0/GNU-tools-for-STM32/bin/../lib/gcc/arm-none-eabi/14.3.1/../../../../arm-none-eabi/lib/thumb/v7-m/nofp\libc_nano.a
END GROUP
LOAD C:/ST/STM32CubeCLT_1.21.0/GNU-tools-for-STM32/bin/../lib/gcc/arm-none-eabi/14.3.1/thumb/v7-m/nofp/crtend.o
LOAD C:/ST/STM32CubeCLT_1.21.0/GNU-tools-for-STM32/bin/../lib/gcc/arm-none-eabi/14.3.1/thumb/v7-m/nofp/crtn.o
                0x20005000                        _estack = (ORIGIN (RAM) + LENGTH (RAM))
                0x20004c00                        _sstack = (_estack - _Min_Stack_Size)
                0x00000200                        _Min_Heap_Size = 0x200
                0x00000400                        _Min_Stack_Size = 0x400

.isr_vector     0x08000000      0x10c
                0x08000000                        . = ALIGN (0x4)
 *(.isr_vector)
 .isr_vector    0x08000000      0x10c D:\My_Workspace\stm32-workspace\led_links\build\startup_stm32f103xb.o
                0x08000000                g_pfnVectors
                0x0800010c                        . = ALIGN (0x4)

.text           0x0800010c      0xc00
                0x0800010c                        . = ALIGN (0x4)
 *(.text)
 .text          0x0800010c       0x40 C:/ST/STM32CubeCLT_1.21.0/GNU-tools-for-STM32/bin/../lib/gcc/arm-none-eabi/14.3.1/thumb/v7-m/nofp/crtbegin.o
 *(.text*)
 .text.MX_GPIO_Init
                0x0800014c       0x68 D:\My_Workspace\stm32-workspace\led_links\build\main.o
 .text.Error_Handler
                0x080001b4        0x4 D:\My_Workspace\stm32-workspace\led_links\build\main.o
                0x080001b4                Error_Handler
 .text.SystemClock_Config
                0x080001b8       0x52 D:\My_Workspace\stm32-workspace\led_links\build\main.o
                0x080001b8                SystemClock_Config
 *fill*         0x0800020a        0x2 
 .text.main     0x0800020c       0x28 D:\My_Workspace\stm32-workspace\led_links\build\main.o
                0x0800020c                main
 .text.Reset_Handler
                0x08000234       0x48 D:\My_Workspace\stm32-workspace\led_links\build\startup_stm32f103xb.o
                0x08000234                Reset_Handler
 .text.Default_Handler
                0x0800027c        0x2 D:\My_Workspace\stm32-workspace\led_links\build\startup_stm32f103xb.o
                0x0800027c                RTC_Alarm_IRQHandler
                0x0800027c                EXTI2_IRQHandler
                0x0800027c                TIM1_CC_IRQHandler
                0x0800027c                PVD_IRQHandler
                0x0800027c                EXTI3_IRQHandler
                0x0800027c                EXTI0_IRQHandler
                0x0800027c                I2C2_EV_IRQHandler
                0x0800027c                ADC1_2_IRQHandler
                0x0800027c                SPI1_IRQHandler
                0x0800027c                TAMPER_IRQHandler
                0x0800027c                DMA1_Channel4_IRQHandler
                0x0800027c                USART3_IRQHandler
                0x0800027c                RTC_IRQHandler
                0x0800027c                DMA1_Channel7_IRQHandler
                0x0800027c                CAN1_RX1_IRQHandler
                0x0800027c                TIM4_IRQHandler
                0x0800027c                I2C1_EV_IRQHandler
                0x0800027c                DMA1_Channel6_IRQHandler
                0x0800027c                TIM3_IRQHandler
                0x0800027c                RCC_IRQHandler
                0x0800027c                TIM1_TRG_COM_IRQHandler
                0x0800027c                DMA1_Channel1_IRQHandler
                0x0800027c                Default_Handler
                0x0800027c                EXTI15_10_IRQHandler
                0x0800027c                EXTI9_5_IRQHandler
                0x0800027c                SPI2_IRQHandler
                0x0800027c                DMA1_Channel5_IRQHandler
                0x0800027c                EXTI4_IRQHandler
                0x0800027c                USB_LP_CAN1_RX0_IRQHandler
                0x0800027c                USB_HP_CAN1_TX_IRQHandler
                0x0800027c                DMA1_Channel3_IRQHandler
                0x0800027c                TIM1_UP_IRQHandler
                0x0800027c                WWDG_IRQHandler
                0x0800027c                TIM2_IRQHandler
                0x0800027c                TIM1_BRK_IRQHandler
                0x0800027c                EXTI1_IRQHandler
                0x0800027c                USART2_IRQHandler
                0x0800027c                I2C2_ER_IRQHandler
                0x0800027c                DMA1_Channel2_IRQHandler
                0x0800027c                CAN1_SCE_IRQHandler
                0x0800027c                FLASH_IRQHandler
                0x0800027c                USART1_IRQHandler
                0x0800027c                I2C1_ER_IRQHandler
                0x0800027c                USBWakeUp_IRQHandler
 *fill*         0x0800027e        0x2 
 .text.HAL_InitTick
                0x08000280       0x4c D:\My_Workspace\stm32-workspace\led_links\build\stm32f1xx_hal.o
                0x08000280                HAL_InitTick
 .text.HAL_Init
                0x080002cc       0x24 D:\My_Workspace\stm32-workspace\led_links\build\stm32f1xx_hal.o
                0x080002cc                HAL_Init
 .text.HAL_IncTick
                0x080002f0       0x18 D:\My_Workspace\stm32-workspace\led_links\build\stm32f1xx_hal.o
                0x080002f0                HAL_IncTick
 .text.HAL_GetTick
                0x08000308        0xc D:\My_Workspace\stm32-workspace\led_links\build\stm32f1xx_hal.o
                0x08000308                HAL_GetTick
 .text.HAL_Delay
                0x08000314       0x28 D:\My_Workspace\stm32-workspace\led_links\build\stm32f1xx_hal.o
                0x08000314                HAL_Delay
 .text.__NVIC_SetPriority
                0x0800033c       0x28 D:\My_Workspace\stm32-workspace\led_links\build\stm32f1xx_hal_cortex.o
 .text.NVIC_EncodePriority
                0x08000364       0x3c D:\My_Workspace\stm32-workspace\led_links\build\stm32f1xx_hal_cortex.o
 .text.HAL_NVIC_SetPriorityGrouping
                0x080003a0       0x24 D:\My_Workspace\stm32-workspace\led_links\build\stm32f1xx_hal_cortex.o
                0x080003a0                HAL_NVIC_SetPriorityGrouping
 .text.HAL_NVIC_SetPriority
                0x080003c4       0x20 D:\My_Workspace\stm32-workspace\led_links\build\stm32f1xx_hal_cortex.o
                0x080003c4                HAL_NVIC_SetPriority
 .text.HAL_SYSTICK_Config
                0x080003e4       0x28 D:\My_Workspace\stm32-workspace\led_links\build\stm32f1xx_hal_cortex.o
                0x080003e4                HAL_SYSTICK_Config
 .text.HAL_GPIO_Init
                0x0800040c      0x214 D:\My_Workspace\stm32-workspace\led_links\build\stm32f1xx_hal_gpio.o
                0x0800040c                HAL_GPIO_Init
 .text.HAL_GPIO_WritePin
                0x08000620        0xc D:\My_Workspace\stm32-workspace\led_links\build\stm32f1xx_hal_gpio.o
                0x08000620                HAL_GPIO_WritePin
 .text.HAL_GPIO_TogglePin
                0x0800062c       0x12 D:\My_Workspace\stm32-workspace\led_links\build\stm32f1xx_hal_gpio.o
                0x0800062c                HAL_GPIO_TogglePin
 *fill*         0x0800063e        0x2 
 .text.HAL_MspInit
                0x08000640       0x44 D:\My_Workspace\stm32-workspace\led_links\build\stm32f1xx_hal_msp.o
                0x08000640                HAL_MspInit
 .text.RCC_Delay
                0x08000684       0x2c D:\My_Workspace\stm32-workspace\led_links\build\stm32f1xx_hal_rcc.o
 .text.HAL_RCC_OscConfig
                0x080006b0      0x410 D:\My_Workspace\stm32-workspace\led_links\build\stm32f1xx_hal_rcc.o
                0x080006b0                HAL_RCC_OscConfig
 .text.HAL_RCC_GetSysClockFreq
                0x08000ac0       0x54 D:\My_Workspace\stm32-workspace\led_links\build\stm32f1xx_hal_rcc.o
                0x08000ac0                HAL_RCC_GetSysClockFreq
 .text.HAL_RCC_ClockConfig
                0x08000b14      0x16c D:\My_Workspace\stm32-workspace\led_links\build\stm32f1xx_hal_rcc.o
                0x08000b14                HAL_RCC_ClockConfig
 .text.NMI_Handler
                0x08000c80        0x2 D:\My_Workspace\stm32-workspace\led_links\build\stm32f1xx_it.o
                0x08000c80                NMI_Handler
 .text.HardFault_Handler
                0x08000c82        0x2 D:\My_Workspace\stm32-workspace\led_links\build\stm32f1xx_it.o
                0x08000c82                HardFault_Handler
 .text.MemManage_Handler
                0x08000c84        0x2 D:\My_Workspace\stm32-workspace\led_links\build\stm32f1xx_it.o
                0x08000c84                MemManage_Handler
 .text.BusFault_Handler
                0x08000c86        0x2 D:\My_Workspace\stm32-workspace\led_links\build\stm32f1xx_it.o
                0x08000c86                BusFault_Handler
 .text.UsageFault_Handler
                0x08000c88        0x2 D:\My_Workspace\stm32-workspace\led_links\build\stm32f1xx_it.o
                0x08000c88                UsageFault_Handler
 .text.SVC_Handler
                0x08000c8a        0x2 D:\My_Workspace\stm32-workspace\led_links\build\stm32f1xx_it.o
                0x08000c8a                SVC_Handler
 .text.DebugMon_Handler
                0x08000c8c        0x2 D:\My_Workspace\stm32-workspace\led_links\build\stm32f1xx_it.o
                0x08000c8c                DebugMon_Handler
 .text.PendSV_Handler
                0x08000c8e        0x2 D:\My_Workspace\stm32-workspace\led_links\build\stm32f1xx_it.o
                0x08000c8e                PendSV_Handler
 .text.SysTick_Handler
                0x08000c90        0x8 D:\My_Workspace\stm32-workspace\led_links\build\stm32f1xx_it.o
                0x08000c90                SysTick_Handler
 .text.SystemInit
                0x08000c98        0x2 D:\My_Workspace\stm32-workspace\led_links\build\system_stm32f1xx.o
                0x08000c98                SystemInit
 .text.memset   0x08000c9a       0x10 C:/ST/STM32CubeCLT_1.21.0/GNU-tools-for-STM32/bin/../lib/gcc/arm-none-eabi/14.3.1/../../../../arm-none-eabi/lib/thumb/v7-m/nofp\libc_nano.a(libc_a-memset.o)
                0x08000c9a                memset
 *fill*         0x08000caa        0x2 
 .text.__libc_init_array
                0x08000cac       0x48 C:/ST/STM32CubeCLT_1.21.0/GNU-tools-for-STM32/bin/../lib/gcc/arm-none-eabi/14.3.1/../../../../arm-none-eabi/lib/thumb/v7-m/nofp\libc_nano.a(libc_a-init.o)
                0x08000cac                __libc_init_array
 *(.glue_7)
 .glue_7        0x08000cf4        0x0 linker stubs
 *(.glue_7t)
 .glue_7t       0x08000cf4        0x0 linker stubs
 *(.eh_frame)
 .eh_frame      0x08000cf4        0x0 C:/ST/STM32CubeCLT_1.21.0/GNU-tools-for-STM32/bin/../lib/gcc/arm-none-eabi/14.3.1/thumb/v7-m/nofp/crtbegin.o
 *(.init)
 .init          0x08000cf4        0x4 C:/ST/STM32CubeCLT_1.21.0/GNU-tools-for-STM32/bin/../lib/gcc/arm-none-eabi/14.3.1/thumb/v7-m/nofp/crti.o
                0x08000cf4                _init
 .init          0x08000cf8        0x8 C:/ST/STM32CubeCLT_1.21.0/GNU-tools-for-STM32/bin/../lib/gcc/arm-none-eabi/14.3.1/thumb/v7-m/nofp/crtn.o
 *(.fini)
 .fini          0x08000d00        0x4 C:/ST/STM32CubeCLT_1.21.0/GNU-tools-for-STM32/bin/../lib/gcc/arm-none-eabi/14.3.1/thumb/v7-m/nofp/crti.o
                0x08000d00                _fini
 .fini          0x08000d04        0x8 C:/ST/STM32CubeCLT_1.21.0/GNU-tools-for-STM32/bin/../lib/gcc/arm-none-eabi/14.3.1/thumb/v7-m/nofp/crtn.o
                0x08000d0c                        . = ALIGN (0x4)
                0x08000d0c                        _etext = .

.vfp11_veneer   0x08000d0c        0x0
 .vfp11_veneer  0x08000d0c        0x0 linker stubs

.v4_bx          0x08000d0c        0x0
 .v4_bx         0x08000d0c        0x0 linker stubs

.iplt           0x08000d0c        0x0
 .iplt          0x08000d0c        0x0 C:/ST/STM32CubeCLT_1.21.0/GNU-tools-for-STM32/bin/../lib/gcc/arm-none-eabi/14.3.1/thumb/v7-m/nofp/crtbegin.o

.rodata         0x08000d0c       0x24
                0x08000d0c                        . = ALIGN (0x4)
 *(.rodata)
 *(.rodata*)
 .rodata.aPredivFactorTable.0
                0x08000d0c        0x2 D:\My_Workspace\stm32-workspace\led_links\build\stm32f1xx_hal_rcc.o
 *fill*         0x08000d0e        0x2 
 .rodata.aPLLMULFactorTable.1
                0x08000d10       0x10 D:\My_Workspace\stm32-workspace\led_links\build\stm32f1xx_hal_rcc.o
 .rodata.AHBPrescTable
                0x08000d20       0x10 D:\My_Workspace\stm32-workspace\led_links\build\system_stm32f1xx.o
                0x08000d20                AHBPrescTable
                0x08000d30                        . = ALIGN (0x4)

.ARM.extab      0x08000d30        0x0
                0x08000d30                        . = ALIGN (0x4)
 *(.ARM.extab* .gnu.linkonce.armextab.*)
                0x08000d30                        . = ALIGN (0x4)

.ARM            0x08000d30        0x0
                0x08000d30                        . = ALIGN (0x4)
                0x08000d30                        __exidx_start = .
 *(.ARM.exidx*)
                0x08000d30                        __exidx_end = .
                0x08000d30                        . = ALIGN (0x4)

.preinit_array  0x08000d30        0x0
                0x08000d30                        . = ALIGN (0x4)
                0x08000d30                        PROVIDE (__preinit_array_start = .)
 *(.preinit_array*)
                0x08000d30                        PROVIDE (__preinit_array_end = .)
                0x08000d30                        . = ALIGN (0x4)

.init_array     0x08000d30        0x4
                0x08000d30                        . = ALIGN (0x4)
                0x08000d30                        PROVIDE (__init_array_start = .)
 *(SORT_BY_NAME(.init_array.*))
 *(.init_array*)
 .init_array    0x08000d30        0x4 C:/ST/STM32CubeCLT_1.21.0/GNU-tools-for-STM32/bin/../lib/gcc/arm-none-eabi/14.3.1/thumb/v7-m/nofp/crtbegin.o
                0x08000d34                        PROVIDE (__init_array_end = .)
                0x08000d34                        . = ALIGN (0x4)

.fini_array     0x08000d34        0x4
                0x08000d34                        . = ALIGN (0x4)
                [!provide]                        PROVIDE (__fini_array_start = .)
 *(SORT_BY_NAME(.fini_array.*))
 *(.fini_array*)
 .fini_array    0x08000d34        0x4 C:/ST/STM32CubeCLT_1.21.0/GNU-tools-for-STM32/bin/../lib/gcc/arm-none-eabi/14.3.1/thumb/v7-m/nofp/crtbegin.o
                [!provide]                        PROVIDE (__fini_array_end = .)
                0x08000d38                        . = ALIGN (0x4)
                0x08000d38                        _sidata = LOADADDR (.data)

.rel.dyn        0x08000d38        0x0
 .rel.iplt      0x08000d38        0x0 C:/ST/STM32CubeCLT_1.21.0/GNU-tools-for-STM32/bin/../lib/gcc/arm-none-eabi/14.3.1/thumb/v7-m/nofp/crtbegin.o

.data           0x20000000        0xc load address 0x08000d38
                0x20000000                        . = ALIGN (0x4)
                0x20000000                        _sdata = .
 *(.data)
 *(.data*)
 .data.uwTickFreq
                0x20000000        0x1 D:\My_Workspace\stm32-workspace\led_links\build\stm32f1xx_hal.o
                0x20000000                uwTickFreq
 *fill*         0x20000001        0x3 
 .data.uwTickPrio
                0x20000004        0x4 D:\My_Workspace\stm32-workspace\led_links\build\stm32f1xx_hal.o
                0x20000004                uwTickPrio
 .data.SystemCoreClock
                0x20000008        0x4 D:\My_Workspace\stm32-workspace\led_links\build\system_stm32f1xx.o
                0x20000008                SystemCoreClock
 *(.RamFunc)
 *(.RamFunc*)
                0x2000000c                        . = ALIGN (0x4)
                0x2000000c                        _edata = .

.igot.plt       0x2000000c        0x0 load address 0x08000d44
 .igot.plt      0x2000000c        0x0 C:/ST/STM32CubeCLT_1.21.0/GNU-tools-for-STM32/bin/../lib/gcc/arm-none-eabi/14.3.1/thumb/v7-m/nofp/crtbegin.o
                0x2000000c                        . = ALIGN (0x4)

.bss            0x2000000c       0x20 load address 0x08000d44
                0x2000000c                        _sbss = .
                0x2000000c                        __bss_start__ = _sbss
 *(.bss)
 .bss           0x2000000c       0x1c C:/ST/STM32CubeCLT_1.21.0/GNU-tools-for-STM32/bin/../lib/gcc/arm-none-eabi/14.3.1/thumb/v7-m/nofp/crtbegin.o
 *(.bss*)
 .bss.uwTick    0x20000028        0x4 D:\My_Workspace\stm32-workspace\led_links\build\stm32f1xx_hal.o
                0x20000028                uwTick
 *(COMMON)
                0x2000002c                        . = ALIGN (0x4)
                0x2000002c                        _ebss = .
                0x2000002c                        __bss_end__ = _ebss

._user_heap_stack
                0x2000002c      0x604 load address 0x08000d44
                0x20000030                        . = ALIGN (0x8)
 *fill*         0x2000002c        0x4 
                [!provide]                        PROVIDE (end = .)
                0x20000030                        PROVIDE (_end = .)
                0x20000230                        . = (. + _Min_Heap_Size)
 *fill*         0x20000030      0x200 
                0x20000630                        . = (. + _Min_Stack_Size)
 *fill*         0x20000230      0x400 
                0x20000630                        . = ALIGN (0x8)

/DISCARD/
 libc.a(*)
 libm.a(*)
 libgcc.a(*)
OUTPUT(build/led_links.elf elf32-littlearm)
LOAD linker stubs
LOAD C:/ST/STM32CubeCLT_1.21.0/GNU-tools-for-STM32/bin/../lib/gcc/arm-none-eabi/14.3.1/../../../../arm-none-eabi/lib/thumb/v7-m/nofp\libc.a
LOAD C:/ST/STM32CubeCLT_1.21.0/GNU-tools-for-STM32/bin/../lib/gcc/arm-none-eabi/14.3.1/../../../../arm-none-eabi/lib/thumb/v7-m/nofp\libm.a
LOAD C:/ST/STM32CubeCLT_1.21.0/GNU-tools-for-STM32/bin/../lib/gcc/arm-none-eabi/14.3.1/thumb/v7-m/nofp\libgcc.a

.ARM.attributes
                0x00000000       0x29
 .ARM.attributes
                0x00000000       0x1d C:/ST/STM32CubeCLT_1.21.0/GNU-tools-for-STM32/bin/../lib/gcc/arm-none-eabi/14.3.1/thumb/v7-m/nofp/crti.o
 .ARM.attributes
                0x0000001d       0x2d C:/ST/STM32CubeCLT_1.21.0/GNU-tools-for-STM32/bin/../lib/gcc/arm-none-eabi/14.3.1/thumb/v7-m/nofp/crtbegin.o
 .ARM.attributes
                0x0000004a       0x2d D:\My_Workspace\stm32-workspace\led_links\build\main.o
 .ARM.attributes
                0x00000077       0x21 D:\My_Workspace\stm32-workspace\led_links\build\startup_stm32f103xb.o
 .ARM.attributes
                0x00000098       0x2d D:\My_Workspace\stm32-workspace\led_links\build\stm32f1xx_hal.o
 .ARM.attributes
                0x000000c5       0x2d D:\My_Workspace\stm32-workspace\led_links\build\stm32f1xx_hal_cortex.o
 .ARM.attributes
                0x000000f2       0x2d D:\My_Workspace\stm32-workspace\led_links\build\stm32f1xx_hal_gpio.o
 .ARM.attributes
                0x0000011f       0x2d D:\My_Workspace\stm32-workspace\led_links\build\stm32f1xx_hal_msp.o
 .ARM.attributes
                0x0000014c       0x2d D:\My_Workspace\stm32-workspace\led_links\build\stm32f1xx_hal_rcc.o
 .ARM.attributes
                0x00000179       0x2d D:\My_Workspace\stm32-workspace\led_links\build\stm32f1xx_it.o
 .ARM.attributes
                0x000001a6       0x2d D:\My_Workspace\stm32-workspace\led_links\build\system_stm32f1xx.o
 .ARM.attributes
                0x000001d3       0x2d C:/ST/STM32CubeCLT_1.21.0/GNU-tools-for-STM32/bin/../lib/gcc/arm-none-eabi/14.3.1/../../../../arm-none-eabi/lib/thumb/v7-m/nofp\libc_nano.a(libc_a-memset.o)
 .ARM.attributes
                0x00000200       0x2d C:/ST/STM32CubeCLT_1.21.0/GNU-tools-for-STM32/bin/../lib/gcc/arm-none-eabi/14.3.1/../../../../arm-none-eabi/lib/thumb/v7-m/nofp\libc_nano.a(libc_a-init.o)
 .ARM.attributes
                0x0000022d       0x1d C:/ST/STM32CubeCLT_1.21.0/GNU-tools-for-STM32/bin/../lib/gcc/arm-none-eabi/14.3.1/thumb/v7-m/nofp/crtn.o

.comment        0x00000000       0x43
 .comment       0x00000000       0x43 D:\My_Workspace\stm32-workspace\led_links\build\main.o
                                 0x44 (size before relaxing)
 .comment       0x00000043       0x44 D:\My_Workspace\stm32-workspace\led_links\build\stm32f1xx_hal.o
 .comment       0x00000043       0x44 D:\My_Workspace\stm32-workspace\led_links\build\stm32f1xx_hal_cortex.o
 .comment       0x00000043       0x44 D:\My_Workspace\stm32-workspace\led_links\build\stm32f1xx_hal_gpio.o
 .comment       0x00000043       0x44 D:\My_Workspace\stm32-workspace\led_links\build\stm32f1xx_hal_msp.o
 .comment       0x00000043       0x44 D:\My_Workspace\stm32-workspace\led_links\build\stm32f1xx_hal_rcc.o
 .comment       0x00000043       0x44 D:\My_Workspace\stm32-workspace\led_links\build\stm32f1xx_it.o
 .comment       0x00000043       0x44 D:\My_Workspace\stm32-workspace\led_links\build\system_stm32f1xx.o

.debug_info     0x00000000     0x354e
 .debug_info    0x00000000      0x67a D:\My_Workspace\stm32-workspace\led_links\build\main.o
 .debug_info    0x0000067a       0x30 D:\My_Workspace\stm32-workspace\led_links\build\startup_stm32f103xb.o
 .debug_info    0x000006aa      0x880 D:\My_Workspace\stm32-workspace\led_links\build\stm32f1xx_hal.o
 .debug_info    0x00000f2a      0xe3f D:\My_Workspace\stm32-workspace\led_links\build\stm32f1xx_hal_cortex.o
 .debug_info    0x00001d69      0x6d7 D:\My_Workspace\stm32-workspace\led_links\build\stm32f1xx_hal_gpio.o
 .debug_info    0x00002440      0x238 D:\My_Workspace\stm32-workspace\led_links\build\stm32f1xx_hal_msp.o
 .debug_info    0x00002678      0xb10 D:\My_Workspace\stm32-workspace\led_links\build\stm32f1xx_hal_rcc.o
 .debug_info    0x00003188      0x158 D:\My_Workspace\stm32-workspace\led_links\build\stm32f1xx_it.o
 .debug_info    0x000032e0      0x26e D:\My_Workspace\stm32-workspace\led_links\build\system_stm32f1xx.o

.debug_abbrev   0x00000000      0xfc1
 .debug_abbrev  0x00000000      0x229 D:\My_Workspace\stm32-workspace\led_links\build\main.o
 .debug_abbrev  0x00000229       0x1d D:\My_Workspace\stm32-workspace\led_links\build\startup_stm32f103xb.o
 .debug_abbrev  0x00000246      0x232 D:\My_Workspace\stm32-workspace\led_links\build\stm32f1xx_hal.o
 .debug_abbrev  0x00000478      0x3aa D:\My_Workspace\stm32-workspace\led_links\build\stm32f1xx_hal_cortex.o
 .debug_abbrev  0x00000822      0x222 D:\My_Workspace\stm32-workspace\led_links\build\stm32f1xx_hal_gpio.o
 .debug_abbrev  0x00000a44       0xe7 D:\My_Workspace\stm32-workspace\led_links\build\stm32f1xx_hal_msp.o
 .debug_abbrev  0x00000b2b      0x2d6 D:\My_Workspace\stm32-workspace\led_links\build\stm32f1xx_hal_rcc.o
 .debug_abbrev  0x00000e01       0x80 D:\My_Workspace\stm32-workspace\led_links\build\stm32f1xx_it.o
 .debug_abbrev  0x00000e81      0x140 D:\My_Workspace\stm32-workspace\led_links\build\system_stm32f1xx.o

.debug_loc      0x00000000     0x19ec
 .debug_loc     0x00000000       0x9e D:\My_Workspace\stm32-workspace\led_links\build\main.o
 .debug_loc     0x0000009e      0x1f9 D:\My_Workspace\stm32-workspace\led_links\build\stm32f1xx_hal.o
 .debug_loc     0x00000297      0x8b4 D:\My_Workspace\stm32-workspace\led_links\build\stm32f1xx_hal_cortex.o
 .debug_loc     0x00000b4b      0x55f D:\My_Workspace\stm32-workspace\led_links\build\stm32f1xx_hal_gpio.o
 .debug_loc     0x000010aa       0x41 D:\My_Workspace\stm32-workspace\led_links\build\stm32f1xx_hal_msp.o
 .debug_loc     0x000010eb      0x7c6 D:\My_Workspace\stm32-workspace\led_links\build\stm32f1xx_hal_rcc.o
 .debug_loc     0x000018b1       0x20 D:\My_Workspace\stm32-workspace\led_links\build\stm32f1xx_it.o
 .debug_loc     0x000018d1      0x11b D:\My_Workspace\stm32-workspace\led_links\build\system_stm32f1xx.o

.debug_aranges  0x00000000      0x390
 .debug_aranges
                0x00000000       0x38 D:\My_Workspace\stm32-workspace\led_links\build\main.o
 .debug_aranges
                0x00000038       0x28 D:\My_Workspace\stm32-workspace\led_links\build\startup_stm32f103xb.o
 .debug_aranges
                0x00000060       0xe0 D:\My_Workspace\stm32-workspace\led_links\build\stm32f1xx_hal.o
 .debug_aranges
                0x00000140       0xc0 D:\My_Workspace\stm32-workspace\led_links\build\stm32f1xx_hal_cortex.o
 .debug_aranges
                0x00000200       0x58 D:\My_Workspace\stm32-workspace\led_links\build\stm32f1xx_hal_gpio.o
 .debug_aranges
                0x00000258       0x20 D:\My_Workspace\stm32-workspace\led_links\build\stm32f1xx_hal_msp.o
 .debug_aranges
                0x00000278       0x90 D:\My_Workspace\stm32-workspace\led_links\build\stm32f1xx_hal_rcc.o
 .debug_aranges
                0x00000308       0x60 D:\My_Workspace\stm32-workspace\led_links\build\stm32f1xx_it.o
 .debug_aranges
                0x00000368       0x28 D:\My_Workspace\stm32-workspace\led_links\build\system_stm32f1xx.o

.debug_ranges   0x00000000      0x328
 .debug_ranges  0x00000000       0x28 D:\My_Workspace\stm32-workspace\led_links\build\main.o
 .debug_ranges  0x00000028       0x20 D:\My_Workspace\stm32-workspace\led_links\build\startup_stm32f103xb.o
 .debug_ranges  0x00000048       0xd0 D:\My_Workspace\stm32-workspace\led_links\build\stm32f1xx_hal.o
 .debug_ranges  0x00000118       0xb0 D:\My_Workspace\stm32-workspace\led_links\build\stm32f1xx_hal_cortex.o
 .debug_ranges  0x000001c8       0x48 D:\My_Workspace\stm32-workspace\led_links\build\stm32f1xx_hal_gpio.o
 .debug_ranges  0x00000210       0x10 D:\My_Workspace\stm32-workspace\led_links\build\stm32f1xx_hal_msp.o
 .debug_ranges  0x00000220       0xa0 D:\My_Workspace\stm32-workspace\led_links\build\stm32f1xx_hal_rcc.o
 .debug_ranges  0x000002c0       0x50 D:\My_Workspace\stm32-workspace\led_links\build\stm32f1xx_it.o
 .debug_ranges  0x00000310       0x18 D:\My_Workspace\stm32-workspace\led_links\build\system_stm32f1xx.o

.debug_line     0x00000000     0x288b
 .debug_line    0x00000000      0x370 D:\My_Workspace\stm32-workspace\led_links\build\main.o
 .debug_line    0x00000370       0x71 D:\My_Workspace\stm32-workspace\led_links\build\startup_stm32f103xb.o
 .debug_line    0x000003e1      0x56a D:\My_Workspace\stm32-workspace\led_links\build\stm32f1xx_hal.o
 .debug_line    0x0000094b      0x6e1 D:\My_Workspace\stm32-workspace\led_links\build\stm32f1xx_hal_cortex.o
 .debug_line    0x0000102c      0x603 D:\My_Workspace\stm32-workspace\led_links\build\stm32f1xx_hal_gpio.o
 .debug_line    0x0000162f      0x1b6 D:\My_Workspace\stm32-workspace\led_links\build\stm32f1xx_hal_msp.o
 .debug_line    0x000017e5      0xcea D:\My_Workspace\stm32-workspace\led_links\build\stm32f1xx_hal_rcc.o
 .debug_line    0x000024cf      0x13d D:\My_Workspace\stm32-workspace\led_links\build\stm32f1xx_it.o
 .debug_line    0x0000260c      0x27f D:\My_Workspace\stm32-workspace\led_links\build\system_stm32f1xx.o

.debug_str      0x00000000     0x123e
 .debug_str     0x00000000     0x123e D:\My_Workspace\stm32-workspace\led_links\build\main.o
                                0x43c (size before relaxing)
 .debug_str     0x0000123e       0x5c D:\My_Workspace\stm32-workspace\led_links\build\startup_stm32f103xb.o
 .debug_str     0x0000123e      0x7ff D:\My_Workspace\stm32-workspace\led_links\build\stm32f1xx_hal.o
 .debug_str     0x0000123e      0x8a4 D:\My_Workspace\stm32-workspace\led_links\build\stm32f1xx_hal_cortex.o
 .debug_str     0x0000123e      0x3d1 D:\My_Workspace\stm32-workspace\led_links\build\stm32f1xx_hal_gpio.o
 .debug_str     0x0000123e      0x1f0 D:\My_Workspace\stm32-workspace\led_links\build\stm32f1xx_hal_msp.o
 .debug_str     0x0000123e      0x5fc D:\My_Workspace\stm32-workspace\led_links\build\stm32f1xx_hal_rcc.o
 .debug_str     0x0000123e      0x1f3 D:\My_Workspace\stm32-workspace\led_links\build\stm32f1xx_it.o
 .debug_str     0x0000123e      0x225 D:\My_Workspace\stm32-workspace\led_links\build\system_stm32f1xx.o

.debug_frame    0x00000000      0x798
 .debug_frame   0x00000000       0x7c D:\My_Workspace\stm32-workspace\led_links\build\main.o
 .debug_frame   0x0000007c      0x1cc D:\My_Workspace\stm32-workspace\led_links\build\stm32f1xx_hal.o
 .debug_frame   0x00000248      0x19c D:\My_Workspace\stm32-workspace\led_links\build\stm32f1xx_hal_cortex.o
 .debug_frame   0x000003e4       0xe4 D:\My_Workspace\stm32-workspace\led_links\build\stm32f1xx_hal_gpio.o
 .debug_frame   0x000004c8       0x28 D:\My_Workspace\stm32-workspace\led_links\build\stm32f1xx_hal_msp.o
 .debug_frame   0x000004f0      0x184 D:\My_Workspace\stm32-workspace\led_links\build\stm32f1xx_hal_rcc.o
 .debug_frame   0x00000674       0xa8 D:\My_Workspace\stm32-workspace\led_links\build\stm32f1xx_it.o
 .debug_frame   0x0000071c       0x30 D:\My_Workspace\stm32-workspace\led_links\build\system_stm32f1xx.o
 .debug_frame   0x0000074c       0x20 C:/ST/STM32CubeCLT_1.21.0/GNU-tools-for-STM32/bin/../lib/gcc/arm-none-eabi/14.3.1/../../../../arm-none-eabi/lib/thumb/v7-m/nofp\libc_nano.a(libc_a-memset.o)
 .debug_frame   0x0000076c       0x2c C:/ST/STM32CubeCLT_1.21.0/GNU-tools-for-STM32/bin/../lib/gcc/arm-none-eabi/14.3.1/../../../../arm-none-eabi/lib/thumb/v7-m/nofp\libc_nano.a(libc_a-init.o)

Cross Reference Table

Symbol                                            File
ADC1_2_IRQHandler                                 D:\My_Workspace\stm32-workspace\led_links\build\startup_stm32f103xb.o
AHBPrescTable                                     D:\My_Workspace\stm32-workspace\led_links\build\system_stm32f1xx.o
                                                  D:\My_Workspace\stm32-workspace\led_links\build\stm32f1xx_hal_rcc.o
APBPrescTable                                     D:\My_Workspace\stm32-workspace\led_links\build\system_stm32f1xx.o
                                                  D:\My_Workspace\stm32-workspace\led_links\build\stm32f1xx_hal_rcc.o
BusFault_Handler                                  D:\My_Workspace\stm32-workspace\led_links\build\stm32f1xx_it.o
                                                  D:\My_Workspace\stm32-workspace\led_links\build\startup_stm32f103xb.o
CAN1_RX1_IRQHandler                               D:\My_Workspace\stm32-workspace\led_links\build\startup_stm32f103xb.o
CAN1_SCE_IRQHandler                               D:\My_Workspace\stm32-workspace\led_links\build\startup_stm32f103xb.o
DMA1_Channel1_IRQHandler                          D:\My_Workspace\stm32-workspace\led_links\build\startup_stm32f103xb.o
DMA1_Channel2_IRQHandler                          D:\My_Workspace\stm32-workspace\led_links\build\startup_stm32f103xb.o
DMA1_Channel3_IRQHandler                          D:\My_Workspace\stm32-workspace\led_links\build\startup_stm32f103xb.o
DMA1_Channel4_IRQHandler                          D:\My_Workspace\stm32-workspace\led_links\build\startup_stm32f103xb.o
DMA1_Channel5_IRQHandler                          D:\My_Workspace\stm32-workspace\led_links\build\startup_stm32f103xb.o
DMA1_Channel6_IRQHandler                          D:\My_Workspace\stm32-workspace\led_links\build\startup_stm32f103xb.o
DMA1_Channel7_IRQHandler                          D:\My_Workspace\stm32-workspace\led_links\build\startup_stm32f103xb.o
DebugMon_Handler                                  D:\My_Workspace\stm32-workspace\led_links\build\stm32f1xx_it.o
                                                  D:\My_Workspace\stm32-workspace\led_links\build\startup_stm32f103xb.o
Default_Handler                                   D:\My_Workspace\stm32-workspace\led_links\build\startup_stm32f103xb.o
EXTI0_IRQHandler                                  D:\My_Workspace\stm32-workspace\led_links\build\startup_stm32f103xb.o
EXTI15_10_IRQHandler                              D:\My_Workspace\stm32-workspace\led_links\build\startup_stm32f103xb.o
EXTI1_IRQHandler                                  D:\My_Workspace\stm32-workspace\led_links\build\startup_stm32f103xb.o
EXTI2_IRQHandler                                  D:\My_Workspace\stm32-workspace\led_links\build\startup_stm32f103xb.o
EXTI3_IRQHandler                                  D:\My_Workspace\stm32-workspace\led_links\build\startup_stm32f103xb.o
EXTI4_IRQHandler                                  D:\My_Workspace\stm32-workspace\led_links\build\startup_stm32f103xb.o
EXTI9_5_IRQHandler                                D:\My_Workspace\stm32-workspace\led_links\build\startup_stm32f103xb.o
Error_Handler                                     D:\My_Workspace\stm32-workspace\led_links\build\main.o
FLASH_IRQHandler                                  D:\My_Workspace\stm32-workspace\led_links\build\startup_stm32f103xb.o
FLASH_PageErase                                   D:\My_Workspace\stm32-workspace\led_links\build\stm32f1xx_hal_flash_ex.o
                                                  D:\My_Workspace\stm32-workspace\led_links\build\stm32f1xx_hal_flash.o
FLASH_WaitForLastOperation                        D:\My_Workspace\stm32-workspace\led_links\build\stm32f1xx_hal_flash.o
                                                  D:\My_Workspace\stm32-workspace\led_links\build\stm32f1xx_hal_flash_ex.o
HAL_DBGMCU_DisableDBGSleepMode                    D:\My_Workspace\stm32-workspace\led_links\build\stm32f1xx_hal.o
HAL_DBGMCU_DisableDBGStandbyMode                  D:\My_Workspace\stm32-workspace\led_links\build\stm32f1xx_hal.o
HAL_DBGMCU_DisableDBGStopMode                     D:\My_Workspace\stm32-workspace\led_links\build\stm32f1xx_hal.o
HAL_DBGMCU_EnableDBGSleepMode                     D:\My_Workspace\stm32-workspace\led_links\build\stm32f1xx_hal.o
HAL_DBGMCU_EnableDBGStandbyMode                   D:\My_Workspace\stm32-workspace\led_links\build\stm32f1xx_hal.o
HAL_DBGMCU_EnableDBGStopMode                      D:\My_Workspace\stm32-workspace\led_links\build\stm32f1xx_hal.o
HAL_DMA_Abort                                     D:\My_Workspace\stm32-workspace\led_links\build\stm32f1xx_hal_dma.o
HAL_DMA_Abort_IT                                  D:\My_Workspace\stm32-workspace\led_links\build\stm32f1xx_hal_dma.o
HAL_DMA_DeInit                                    D:\My_Workspace\stm32-workspace\led_links\build\stm32f1xx_hal_dma.o
HAL_DMA_GetError                                  D:\My_Workspace\stm32-workspace\led_links\build\stm32f1xx_hal_dma.o
HAL_DMA_GetState                                  D:\My_Workspace\stm32-workspace\led_links\build\stm32f1xx_hal_dma.o
HAL_DMA_IRQHandler                                D:\My_Workspace\stm32-workspace\led_links\build\stm32f1xx_hal_dma.o
HAL_DMA_Init                                      D:\My_Workspace\stm32-workspace\led_links\build\stm32f1xx_hal_dma.o
HAL_DMA_PollForTransfer                           D:\My_Workspace\stm32-workspace\led_links\build\stm32f1xx_hal_dma.o
HAL_DMA_RegisterCallback                          D:\My_Workspace\stm32-workspace\led_links\build\stm32f1xx_hal_dma.o
HAL_DMA_Start                                     D:\My_Workspace\stm32-workspace\led_links\build\stm32f1xx_hal_dma.o
HAL_DMA_Start_IT                                  D:\My_Workspace\stm32-workspace\led_links\build\stm32f1xx_hal_dma.o
HAL_DMA_UnRegisterCallback                        D:\My_Workspace\stm32-workspace\led_links\build\stm32f1xx_hal_dma.o
HAL_DeInit                                        D:\My_Workspace\stm32-workspace\led_links\build\stm32f1xx_hal.o
HAL_Delay                                         D:\My_Workspace\stm32-workspace\led_links\build\stm32f1xx_hal.o
                                                  D:\My_Workspace\stm32-workspace\led_links\build\main.o
HAL_EXTI_ClearConfigLine                          D:\My_Workspace\stm32-workspace\led_links\build\stm32f1xx_hal_exti.o
HAL_EXTI_ClearPending                             D:\My_Workspace\stm32-workspace\led_links\build\stm32f1xx_hal_exti.o
HAL_EXTI_GenerateSWI                              D:\My_Workspace\stm32-workspace\led_links\build\stm32f1xx_hal_exti.o
HAL_EXTI_GetConfigLine                            D:\My_Workspace\stm32-workspace\led_links\build\stm32f1xx_hal_exti.o
HAL_EXTI_GetHandle                                D:\My_Workspace\stm32-workspace\led_links\build\stm32f1xx_hal_exti.o
HAL_EXTI_GetPending                               D:\My_Workspace\stm32-workspace\led_links\build\stm32f1xx_hal_exti.o
HAL_EXTI_IRQHandler                               D:\My_Workspace\stm32-workspace\led_links\build\stm32f1xx_hal_exti.o
HAL_EXTI_RegisterCallback                         D:\My_Workspace\stm32-workspace\led_links\build\stm32f1xx_hal_exti.o
HAL_EXTI_SetConfigLine                            D:\My_Workspace\stm32-workspace\led_links\build\stm32f1xx_hal_exti.o
HAL_FLASHEx_Erase                                 D:\My_Workspace\stm32-workspace\led_links\build\stm32f1xx_hal_flash_ex.o
HAL_FLASHEx_Erase_IT                              D:\My_Workspace\stm32-workspace\led_links\build\stm32f1xx_hal_flash_ex.o
HAL_FLASHEx_OBErase                               D:\My_Workspace\stm32-workspace\led_links\build\stm32f1xx_hal_flash_ex.o
HAL_FLASHEx_OBGetConfig                           D:\My_Workspace\stm32-workspace\led_links\build\stm32f1xx_hal_flash_ex.o
HAL_FLASHEx_OBGetUserData                         D:\My_Workspace\stm32-workspace\led_links\build\stm32f1xx_hal_flash_ex.o
HAL_FLASHEx_OBProgram                             D:\My_Workspace\stm32-workspace\led_links\build\stm32f1xx_hal_flash_ex.o
HAL_FLASH_EndOfOperationCallback                  D:\My_Workspace\stm32-workspace\led_links\build\stm32f1xx_hal_flash.o
HAL_FLASH_GetError                                D:\My_Workspace\stm32-workspace\led_links\build\stm32f1xx_hal_flash.o
HAL_FLASH_IRQHandler                              D:\My_Workspace\stm32-workspace\led_links\build\stm32f1xx_hal_flash.o
HAL_FLASH_Lock                                    D:\My_Workspace\stm32-workspace\led_links\build\stm32f1xx_hal_flash.o
HAL_FLASH_OB_Launch                               D:\My_Workspace\stm32-workspace\led_links\build\stm32f1xx_hal_flash.o
HAL_FLASH_OB_Lock                                 D:\My_Workspace\stm32-workspace\led_links\build\stm32f1xx_hal_flash.o
HAL_FLASH_OB_Unlock                               D:\My_Workspace\stm32-workspace\led_links\build\stm32f1xx_hal_flash.o
HAL_FLASH_OperationErrorCallback                  D:\My_Workspace\stm32-workspace\led_links\build\stm32f1xx_hal_flash.o
HAL_FLASH_Program                                 D:\My_Workspace\stm32-workspace\led_links\build\stm32f1xx_hal_flash.o
HAL_FLASH_Program_IT                              D:\My_Workspace\stm32-workspace\led_links\build\stm32f1xx_hal_flash.o
HAL_FLASH_Unlock                                  D:\My_Workspace\stm32-workspace\led_links\build\stm32f1xx_hal_flash.o
HAL_GPIOEx_ConfigEventout                         D:\My_Workspace\stm32-workspace\led_links\build\stm32f1xx_hal_gpio_ex.o
HAL_GPIOEx_DisableEventout                        D:\My_Workspace\stm32-workspace\led_links\build\stm32f1xx_hal_gpio_ex.o
HAL_GPIOEx_EnableEventout                         D:\My_Workspace\stm32-workspace\led_links\build\stm32f1xx_hal_gpio_ex.o
HAL_GPIO_DeInit                                   D:\My_Workspace\stm32-workspace\led_links\build\stm32f1xx_hal_gpio.o
HAL_GPIO_EXTI_Callback                            D:\My_Workspace\stm32-workspace\led_links\build\stm32f1xx_hal_gpio.o
HAL_GPIO_EXTI_IRQHandler                          D:\My_Workspace\stm32-workspace\led_links\build\stm32f1xx_hal_gpio.o
HAL_GPIO_Init                                     D:\My_Workspace\stm32-workspace\led_links\build\stm32f1xx_hal_gpio.o
                                                  D:\My_Workspace\stm32-workspace\led_links\build\stm32f1xx_hal_rcc.o
                                                  D:\My_Workspace\stm32-workspace\led_links\build\main.o
HAL_GPIO_LockPin                                  D:\My_Workspace\stm32-workspace\led_links\build\stm32f1xx_hal_gpio.o
HAL_GPIO_ReadPin                                  D:\My_Workspace\stm32-workspace\led_links\build\stm32f1xx_hal_gpio.o
HAL_GPIO_TogglePin                                D:\My_Workspace\stm32-workspace\led_links\build\stm32f1xx_hal_gpio.o
                                                  D:\My_Workspace\stm32-workspace\led_links\build\main.o
HAL_GPIO_WritePin                                 D:\My_Workspace\stm32-workspace\led_links\build\stm32f1xx_hal_gpio.o
                                                  D:\My_Workspace\stm32-workspace\led_links\build\main.o
HAL_GetDEVID                                      D:\My_Workspace\stm32-workspace\led_links\build\stm32f1xx_hal.o
HAL_GetHalVersion                                 D:\My_Workspace\stm32-workspace\led_links\build\stm32f1xx_hal.o
HAL_GetREVID                                      D:\My_Workspace\stm32-workspace\led_links\build\stm32f1xx_hal.o
HAL_GetTick                                       D:\My_Workspace\stm32-workspace\led_links\build\stm32f1xx_hal.o
                                                  D:\My_Workspace\stm32-workspace\led_links\build\stm32f1xx_hal_rcc_ex.o
                                                  D:\My_Workspace\stm32-workspace\led_links\build\stm32f1xx_hal_rcc.o
                                                  D:\My_Workspace\stm32-workspace\led_links\build\stm32f1xx_hal_flash.o
                                                  D:\My_Workspace\stm32-workspace\led_links\build\stm32f1xx_hal_dma.o
HAL_GetTickFreq                                   D:\My_Workspace\stm32-workspace\led_links\build\stm32f1xx_hal.o
HAL_GetTickPrio                                   D:\My_Workspace\stm32-workspace\led_links\build\stm32f1xx_hal.o
HAL_GetUIDw0                                      D:\My_Workspace\stm32-workspace\led_links\build\stm32f1xx_hal.o
HAL_GetUIDw1                                      D:\My_Workspace\stm32-workspace\led_links\build\stm32f1xx_hal.o
HAL_GetUIDw2                                      D:\My_Workspace\stm32-workspace\led_links\build\stm32f1xx_hal.o
HAL_IncTick                                       D:\My_Workspace\stm32-workspace\led_links\build\stm32f1xx_hal.o
                                                  D:\My_Workspace\stm32-workspace\led_links\build\stm32f1xx_it.o
HAL_Init                                          D:\My_Workspace\stm32-workspace\led_links\build\stm32f1xx_hal.o
                                                  D:\My_Workspace\stm32-workspace\led_links\build\main.o
HAL_InitTick                                      D:\My_Workspace\stm32-workspace\led_links\build\stm32f1xx_hal.o
                                                  D:\My_Workspace\stm32-workspace\led_links\build\stm32f1xx_hal_rcc.o
HAL_MspDeInit                                     D:\My_Workspace\stm32-workspace\led_links\build\stm32f1xx_hal.o
HAL_MspInit                                       D:\My_Workspace\stm32-workspace\led_links\build\stm32f1xx_hal_msp.o
                                                  D:\My_Workspace\stm32-workspace\led_links\build\stm32f1xx_hal.o
HAL_NVIC_ClearPendingIRQ                          D:\My_Workspace\stm32-workspace\led_links\build\stm32f1xx_hal_cortex.o
HAL_NVIC_DisableIRQ                               D:\My_Workspace\stm32-workspace\led_links\build\stm32f1xx_hal_cortex.o
HAL_NVIC_EnableIRQ                                D:\My_Workspace\stm32-workspace\led_links\build\stm32f1xx_hal_cortex.o
HAL_NVIC_GetActive                                D:\My_Workspace\stm32-workspace\led_links\build\stm32f1xx_hal_cortex.o
HAL_NVIC_GetPendingIRQ                            D:\My_Workspace\stm32-workspace\led_links\build\stm32f1xx_hal_cortex.o
HAL_NVIC_GetPriority                              D:\My_Workspace\stm32-workspace\led_links\build\stm32f1xx_hal_cortex.o
HAL_NVIC_GetPriorityGrouping                      D:\My_Workspace\stm32-workspace\led_links\build\stm32f1xx_hal_cortex.o
HAL_NVIC_SetPendingIRQ                            D:\My_Workspace\stm32-workspace\led_links\build\stm32f1xx_hal_cortex.o
HAL_NVIC_SetPriority                              D:\My_Workspace\stm32-workspace\led_links\build\stm32f1xx_hal_cortex.o
                                                  D:\My_Workspace\stm32-workspace\led_links\build\stm32f1xx_hal.o
HAL_NVIC_SetPriorityGrouping                      D:\My_Workspace\stm32-workspace\led_links\build\stm32f1xx_hal_cortex.o
                                                  D:\My_Workspace\stm32-workspace\led_links\build\stm32f1xx_hal.o
HAL_NVIC_SystemReset                              D:\My_Workspace\stm32-workspace\led_links\build\stm32f1xx_hal_cortex.o
                                                  D:\My_Workspace\stm32-workspace\led_links\build\stm32f1xx_hal_flash.o
HAL_PWR_ConfigPVD                                 D:\My_Workspace\stm32-workspace\led_links\build\stm32f1xx_hal_pwr.o
HAL_PWR_DeInit                                    D:\My_Workspace\stm32-workspace\led_links\build\stm32f1xx_hal_pwr.o
HAL_PWR_DisableBkUpAccess                         D:\My_Workspace\stm32-workspace\led_links\build\stm32f1xx_hal_pwr.o
HAL_PWR_DisablePVD                                D:\My_Workspace\stm32-workspace\led_links\build\stm32f1xx_hal_pwr.o
HAL_PWR_DisableSEVOnPend                          D:\My_Workspace\stm32-workspace\led_links\build\stm32f1xx_hal_pwr.o
HAL_PWR_DisableSleepOnExit                        D:\My_Workspace\stm32-workspace\led_links\build\stm32f1xx_hal_pwr.o
HAL_PWR_DisableWakeUpPin                          D:\My_Workspace\stm32-workspace\led_links\build\stm32f1xx_hal_pwr.o
HAL_PWR_EnableBkUpAccess                          D:\My_Workspace\stm32-workspace\led_links\build\stm32f1xx_hal_pwr.o
HAL_PWR_EnablePVD                                 D:\My_Workspace\stm32-workspace\led_links\build\stm32f1xx_hal_pwr.o
HAL_PWR_EnableSEVOnPend                           D:\My_Workspace\stm32-workspace\led_links\build\stm32f1xx_hal_pwr.o
HAL_PWR_EnableSleepOnExit                         D:\My_Workspace\stm32-workspace\led_links\build\stm32f1xx_hal_pwr.o
HAL_PWR_EnableWakeUpPin                           D:\My_Workspace\stm32-workspace\led_links\build\stm32f1xx_hal_pwr.o
HAL_PWR_EnterSLEEPMode                            D:\My_Workspace\stm32-workspace\led_links\build\stm32f1xx_hal_pwr.o
HAL_PWR_EnterSTANDBYMode                          D:\My_Workspace\stm32-workspace\led_links\build\stm32f1xx_hal_pwr.o
HAL_PWR_EnterSTOPMode                             D:\My_Workspace\stm32-workspace\led_links\build\stm32f1xx_hal_pwr.o
HAL_PWR_PVDCallback                               D:\My_Workspace\stm32-workspace\led_links\build\stm32f1xx_hal_pwr.o
HAL_PWR_PVD_IRQHandler                            D:\My_Workspace\stm32-workspace\led_links\build\stm32f1xx_hal_pwr.o
HAL_RCCEx_GetPeriphCLKConfig                      D:\My_Workspace\stm32-workspace\led_links\build\stm32f1xx_hal_rcc_ex.o
HAL_RCCEx_GetPeriphCLKFreq                        D:\My_Workspace\stm32-workspace\led_links\build\stm32f1xx_hal_rcc_ex.o
HAL_RCCEx_PeriphCLKConfig                         D:\My_Workspace\stm32-workspace\led_links\build\stm32f1xx_hal_rcc_ex.o
HAL_RCC_CSSCallback                               D:\My_Workspace\stm32-workspace\led_links\build\stm32f1xx_hal_rcc.o
HAL_RCC_ClockConfig                               D:\My_Workspace\stm32-workspace\led_links\build\stm32f1xx_hal_rcc.o
                                                  D:\My_Workspace\stm32-workspace\led_links\build\main.o
HAL_RCC_DeInit                                    D:\My_Workspace\stm32-workspace\led_links\build\stm32f1xx_hal_rcc.o
HAL_RCC_DisableCSS                                D:\My_Workspace\stm32-workspace\led_links\build\stm32f1xx_hal_rcc.o
HAL_RCC_EnableCSS                                 D:\My_Workspace\stm32-workspace\led_links\build\stm32f1xx_hal_rcc.o
HAL_RCC_GetClockConfig                            D:\My_Workspace\stm32-workspace\led_links\build\stm32f1xx_hal_rcc.o
HAL_RCC_GetHCLKFreq                               D:\My_Workspace\stm32-workspace\led_links\build\stm32f1xx_hal_rcc.o
HAL_RCC_GetOscConfig                              D:\My_Workspace\stm32-workspace\led_links\build\stm32f1xx_hal_rcc.o
HAL_RCC_GetPCLK1Freq                              D:\My_Workspace\stm32-workspace\led_links\build\stm32f1xx_hal_rcc.o
HAL_RCC_GetPCLK2Freq                              D:\My_Workspace\stm32-workspace\led_links\build\stm32f1xx_hal_rcc.o
                                                  D:\My_Workspace\stm32-workspace\led_links\build\stm32f1xx_hal_rcc_ex.o
HAL_RCC_GetSysClockFreq                           D:\My_Workspace\stm32-workspace\led_links\build\stm32f1xx_hal_rcc.o
HAL_RCC_MCOConfig                                 D:\My_Workspace\stm32-workspace\led_links\build\stm32f1xx_hal_rcc.o
HAL_RCC_NMI_IRQHandler                            D:\My_Workspace\stm32-workspace\led_links\build\stm32f1xx_hal_rcc.o
HAL_RCC_OscConfig                                 D:\My_Workspace\stm32-workspace\led_links\build\stm32f1xx_hal_rcc.o
                                                  D:\My_Workspace\stm32-workspace\led_links\build\main.o
HAL_ResumeTick                                    D:\My_Workspace\stm32-workspace\led_links\build\stm32f1xx_hal.o
HAL_SYSTICK_CLKSourceConfig                       D:\My_Workspace\stm32-workspace\led_links\build\stm32f1xx_hal_cortex.o
HAL_SYSTICK_Callback                              D:\My_Workspace\stm32-workspace\led_links\build\stm32f1xx_hal_cortex.o
HAL_SYSTICK_Config                                D:\My_Workspace\stm32-workspace\led_links\build\stm32f1xx_hal_cortex.o
                                                  D:\My_Workspace\stm32-workspace\led_links\build\stm32f1xx_hal.o
HAL_SYSTICK_IRQHandler                            D:\My_Workspace\stm32-workspace\led_links\build\stm32f1xx_hal_cortex.o
HAL_SetTickFreq                                   D:\My_Workspace\stm32-workspace\led_links\build\stm32f1xx_hal.o
HAL_SuspendTick                                   D:\My_Workspace\stm32-workspace\led_links\build\stm32f1xx_hal.o
HardFault_Handler                                 D:\My_Workspace\stm32-workspace\led_links\build\stm32f1xx_it.o
                                                  D:\My_Workspace\stm32-workspace\led_links\build\startup_stm32f103xb.o
I2C1_ER_IRQHandler                                D:\My_Workspace\stm32-workspace\led_links\build\startup_stm32f103xb.o
I2C1_EV_IRQHandler                                D:\My_Workspace\stm32-workspace\led_links\build\startup_stm32f103xb.o
I2C2_ER_IRQHandler                                D:\My_Workspace\stm32-workspace\led_links\build\startup_stm32f103xb.o
I2C2_EV_IRQHandler                                D:\My_Workspace\stm32-workspace\led_links\build\startup_stm32f103xb.o
MemManage_Handler                                 D:\My_Workspace\stm32-workspace\led_links\build\stm32f1xx_it.o
                                                  D:\My_Workspace\stm32-workspace\led_links\build\startup_stm32f103xb.o
NMI_Handler                                       D:\My_Workspace\stm32-workspace\led_links\build\stm32f1xx_it.o
                                                  D:\My_Workspace\stm32-workspace\led_links\build\startup_stm32f103xb.o
PVD_IRQHandler                                    D:\My_Workspace\stm32-workspace\led_links\build\startup_stm32f103xb.o
PendSV_Handler                                    D:\My_Workspace\stm32-workspace\led_links\build\stm32f1xx_it.o
                                                  D:\My_Workspace\stm32-workspace\led_links\build\startup_stm32f103xb.o
RCC_IRQHandler                                    D:\My_Workspace\stm32-workspace\led_links\build\startup_stm32f103xb.o
RTC_Alarm_IRQHandler                              D:\My_Workspace\stm32-workspace\led_links\build\startup_stm32f103xb.o
RTC_IRQHandler                                    D:\My_Workspace\stm32-workspace\led_links\build\startup_stm32f103xb.o
Reset_Handler                                     D:\My_Workspace\stm32-workspace\led_links\build\startup_stm32f103xb.o
SPI1_IRQHandler                                   D:\My_Workspace\stm32-workspace\led_links\build\startup_stm32f103xb.o
SPI2_IRQHandler                                   D:\My_Workspace\stm32-workspace\led_links\build\startup_stm32f103xb.o
SVC_Handler                                       D:\My_Workspace\stm32-workspace\led_links\build\stm32f1xx_it.o
                                                  D:\My_Workspace\stm32-workspace\led_links\build\startup_stm32f103xb.o
SysTick_Handler                                   D:\My_Workspace\stm32-workspace\led_links\build\stm32f1xx_it.o
                                                  D:\My_Workspace\stm32-workspace\led_links\build\startup_stm32f103xb.o
SystemClock_Config                                D:\My_Workspace\stm32-workspace\led_links\build\main.o
SystemCoreClock                                   D:\My_Workspace\stm32-workspace\led_links\build\system_stm32f1xx.o
                                                  D:\My_Workspace\stm32-workspace\led_links\build\stm32f1xx_hal_rcc.o
                                                  D:\My_Workspace\stm32-workspace\led_links\build\stm32f1xx_hal.o
SystemCoreClockUpdate                             D:\My_Workspace\stm32-workspace\led_links\build\system_stm32f1xx.o
SystemInit                                        D:\My_Workspace\stm32-workspace\led_links\build\system_stm32f1xx.o
                                                  D:\My_Workspace\stm32-workspace\led_links\build\startup_stm32f103xb.o
TAMPER_IRQHandler                                 D:\My_Workspace\stm32-workspace\led_links\build\startup_stm32f103xb.o
TIM1_BRK_IRQHandler                               D:\My_Workspace\stm32-workspace\led_links\build\startup_stm32f103xb.o
TIM1_CC_IRQHandler                                D:\My_Workspace\stm32-workspace\led_links\build\startup_stm32f103xb.o
TIM1_TRG_COM_IRQHandler                           D:\My_Workspace\stm32-workspace\led_links\build\startup_stm32f103xb.o
TIM1_UP_IRQHandler                                D:\My_Workspace\stm32-workspace\led_links\build\startup_stm32f103xb.o
TIM2_IRQHandler                                   D:\My_Workspace\stm32-workspace\led_links\build\startup_stm32f103xb.o
TIM3_IRQHandler                                   D:\My_Workspace\stm32-workspace\led_links\build\startup_stm32f103xb.o
TIM4_IRQHandler                                   D:\My_Workspace\stm32-workspace\led_links\build\startup_stm32f103xb.o
USART1_IRQHandler                                 D:\My_Workspace\stm32-workspace\led_links\build\startup_stm32f103xb.o
USART2_IRQHandler                                 D:\My_Workspace\stm32-workspace\led_links\build\startup_stm32f103xb.o
USART3_IRQHandler                                 D:\My_Workspace\stm32-workspace\led_links\build\startup_stm32f103xb.o
USBWakeUp_IRQHandler                              D:\My_Workspace\stm32-workspace\led_links\build\startup_stm32f103xb.o
USB_HP_CAN1_TX_IRQHandler                         D:\My_Workspace\stm32-workspace\led_links\build\startup_stm32f103xb.o
USB_LP_CAN1_RX0_IRQHandler                        D:\My_Workspace\stm32-workspace\led_links\build\startup_stm32f103xb.o
UsageFault_Handler                                D:\My_Workspace\stm32-workspace\led_links\build\stm32f1xx_it.o
                                                  D:\My_Workspace\stm32-workspace\led_links\build\startup_stm32f103xb.o
WWDG_IRQHandler                                   D:\My_Workspace\stm32-workspace\led_links\build\startup_stm32f103xb.o
_Min_Stack_Size                                   D:\My_Workspace\stm32-workspace\led_links\build\sysmem.o
__bss_end__                                       C:/ST/STM32CubeCLT_1.21.0/GNU-tools-for-STM32/bin/../lib/gcc/arm-none-eabi/14.3.1/../../../../arm-none-eabi/lib/thumb/v7-m/nofp/crt0.o
__bss_start__                                     C:/ST/STM32CubeCLT_1.21.0/GNU-tools-for-STM32/bin/../lib/gcc/arm-none-eabi/14.3.1/../../../../arm-none-eabi/lib/thumb/v7-m/nofp/crt0.o
__call_exitprocs                                  C:/ST/STM32CubeCLT_1.21.0/GNU-tools-for-STM32/bin/../lib/gcc/arm-none-eabi/14.3.1/../../../../arm-none-eabi/lib/thumb/v7-m/nofp\libc_nano.a(libc_a-exit.o)
__deregister_frame_info                           C:/ST/STM32CubeCLT_1.21.0/GNU-tools-for-STM32/bin/../lib/gcc/arm-none-eabi/14.3.1/thumb/v7-m/nofp/crtbegin.o
__dso_handle                                      C:/ST/STM32CubeCLT_1.21.0/GNU-tools-for-STM32/bin/../lib/gcc/arm-none-eabi/14.3.1/thumb/v7-m/nofp/crtbegin.o
__env                                             D:\My_Workspace\stm32-workspace\led_links\build\syscalls.o
__errno                                           C:/ST/STM32CubeCLT_1.21.0/GNU-tools-for-STM32/bin/../lib/gcc/arm-none-eabi/14.3.1/../../../../arm-none-eabi/lib/thumb/v7-m/nofp\libc_nano.a(libc_a-errno.o)
                                                  D:\My_Workspace\stm32-workspace\led_links\build\sysmem.o
                                                  D:\My_Workspace\stm32-workspace\led_links\build\syscalls.o
__fp_lock_all                                     C:/ST/STM32CubeCLT_1.21.0/GNU-tools-for-STM32/bin/../lib/gcc/arm-none-eabi/14.3.1/../../../../arm-none-eabi/lib/thumb/v7-m/nofp\libc_nano.a(libc_a-findfp.o)
__fp_unlock_all                                   C:/ST/STM32CubeCLT_1.21.0/GNU-tools-for-STM32/bin/../lib/gcc/arm-none-eabi/14.3.1/../../../../arm-none-eabi/lib/thumb/v7-m/nofp\libc_nano.a(libc_a-findfp.o)
__init_array_end                                  C:/ST/STM32CubeCLT_1.21.0/GNU-tools-for-STM32/bin/../lib/gcc/arm-none-eabi/14.3.1/../../../../arm-none-eabi/lib/thumb/v7-m/nofp\libc_nano.a(libc_a-init.o)
__init_array_start                                C:/ST/STM32CubeCLT_1.21.0/GNU-tools-for-STM32/bin/../lib/gcc/arm-none-eabi/14.3.1/../../../../arm-none-eabi/lib/thumb/v7-m/nofp\libc_nano.a(libc_a-init.o)
__io_getchar                                      D:\My_Workspace\stm32-workspace\led_links\build\syscalls.o
__io_putchar                                      D:\My_Workspace\stm32-workspace\led_links\build\syscalls.o
__libc_fini_array                                 C:/ST/STM32CubeCLT_1.21.0/GNU-tools-for-STM32/bin/../lib/gcc/arm-none-eabi/14.3.1/../../../../arm-none-eabi/lib/thumb/v7-m/nofp/crt0.o
__libc_init_array                                 C:/ST/STM32CubeCLT_1.21.0/GNU-tools-for-STM32/bin/../lib/gcc/arm-none-eabi/14.3.1/../../../../arm-none-eabi/lib/thumb/v7-m/nofp\libc_nano.a(libc_a-init.o)
                                                  D:\My_Workspace\stm32-workspace\led_links\build\startup_stm32f103xb.o
                                                  C:/ST/STM32CubeCLT_1.21.0/GNU-tools-for-STM32/bin/../lib/gcc/arm-none-eabi/14.3.1/../../../../arm-none-eabi/lib/thumb/v7-m/nofp/crt0.o
__lock___arc4random_mutex                         C:/ST/STM32CubeCLT_1.21.0/GNU-tools-for-STM32/bin/../lib/gcc/arm-none-eabi/14.3.1/../../../../arm-none-eabi/lib/thumb/v7-m/nofp\libc_nano.a(libc_a-lock.o)
__lock___at_quick_exit_mutex                      C:/ST/STM32CubeCLT_1.21.0/GNU-tools-for-STM32/bin/../lib/gcc/arm-none-eabi/14.3.1/../../../../arm-none-eabi/lib/thumb/v7-m/nofp\libc_nano.a(libc_a-lock.o)
__lock___atexit_recursive_mutex                   C:/ST/STM32CubeCLT_1.21.0/GNU-tools-for-STM32/bin/../lib/gcc/arm-none-eabi/14.3.1/../../../../arm-none-eabi/lib/thumb/v7-m/nofp\libc_nano.a(libc_a-lock.o)
__lock___dd_hash_mutex                            C:/ST/STM32CubeCLT_1.21.0/GNU-tools-for-STM32/bin/../lib/gcc/arm-none-eabi/14.3.1/../../../../arm-none-eabi/lib/thumb/v7-m/nofp\libc_nano.a(libc_a-lock.o)
__lock___env_recursive_mutex                      C:/ST/STM32CubeCLT_1.21.0/GNU-tools-for-STM32/bin/../lib/gcc/arm-none-eabi/14.3.1/../../../../arm-none-eabi/lib/thumb/v7-m/nofp\libc_nano.a(libc_a-lock.o)
__lock___malloc_recursive_mutex                   C:/ST/STM32CubeCLT_1.21.0/GNU-tools-for-STM32/bin/../lib/gcc/arm-none-eabi/14.3.1/../../../../arm-none-eabi/lib/thumb/v7-m/nofp\libc_nano.a(libc_a-lock.o)
                                                  C:/ST/STM32CubeCLT_1.21.0/GNU-tools-for-STM32/bin/../lib/gcc/arm-none-eabi/14.3.1/../../../../arm-none-eabi/lib/thumb/v7-m/nofp\libc_nano.a(libc_a-mlock.o)
__lock___sfp_recursive_mutex                      C:/ST/STM32CubeCLT_1.21.0/GNU-tools-for-STM32/bin/../lib/gcc/arm-none-eabi/14.3.1/../../../../arm-none-eabi/lib/thumb/v7-m/nofp\libc_nano.a(libc_a-lock.o)
                                                  C:/ST/STM32CubeCLT_1.21.0/GNU-tools-for-STM32/bin/../lib/gcc/arm-none-eabi/14.3.1/../../../../arm-none-eabi/lib/thumb/v7-m/nofp\libc_nano.a(libc_a-findfp.o)
__lock___tz_mutex                                 C:/ST/STM32CubeCLT_1.21.0/GNU-tools-for-STM32/bin/../lib/gcc/arm-none-eabi/14.3.1/../../../../arm-none-eabi/lib/thumb/v7-m/nofp\libc_nano.a(libc_a-lock.o)
__malloc_free_list                                C:/ST/STM32CubeCLT_1.21.0/GNU-tools-for-STM32/bin/../lib/gcc/arm-none-eabi/14.3.1/../../../../arm-none-eabi/lib/thumb/v7-m/nofp\libc_nano.a(libc_a-mallocr.o)
                                                  C:/ST/STM32CubeCLT_1.21.0/GNU-tools-for-STM32/bin/../lib/gcc/arm-none-eabi/14.3.1/../../../../arm-none-eabi/lib/thumb/v7-m/nofp\libc_nano.a(libc_a-freer.o)
__malloc_lock                                     C:/ST/STM32CubeCLT_1.21.0/GNU-tools-for-STM32/bin/../lib/gcc/arm-none-eabi/14.3.1/../../../../arm-none-eabi/lib/thumb/v7-m/nofp\libc_nano.a(libc_a-mlock.o)
                                                  C:/ST/STM32CubeCLT_1.21.0/GNU-tools-for-STM32/bin/../lib/gcc/arm-none-eabi/14.3.1/../../../../arm-none-eabi/lib/thumb/v7-m/nofp\libc_nano.a(libc_a-mallocr.o)
                                                  C:/ST/STM32CubeCLT_1.21.0/GNU-tools-for-STM32/bin/../lib/gcc/arm-none-eabi/14.3.1/../../../../arm-none-eabi/lib/thumb/v7-m/nofp\libc_nano.a(libc_a-freer.o)
__malloc_sbrk_start                               C:/ST/STM32CubeCLT_1.21.0/GNU-tools-for-STM32/bin/../lib/gcc/arm-none-eabi/14.3.1/../../../../arm-none-eabi/lib/thumb/v7-m/nofp\libc_nano.a(libc_a-mallocr.o)
__malloc_unlock                                   C:/ST/STM32CubeCLT_1.21.0/GNU-tools-for-STM32/bin/../lib/gcc/arm-none-eabi/14.3.1/../../../../arm-none-eabi/lib/thumb/v7-m/nofp\libc_nano.a(libc_a-mlock.o)
                                                  C:/ST/STM32CubeCLT_1.21.0/GNU-tools-for-STM32/bin/../lib/gcc/arm-none-eabi/14.3.1/../../../../arm-none-eabi/lib/thumb/v7-m/nofp\libc_nano.a(libc_a-mallocr.o)
                                                  C:/ST/STM32CubeCLT_1.21.0/GNU-tools-for-STM32/bin/../lib/gcc/arm-none-eabi/14.3.1/../../../../arm-none-eabi/lib/thumb/v7-m/nofp\libc_nano.a(libc_a-freer.o)
__preinit_array_end                               C:/ST/STM32CubeCLT_1.21.0/GNU-tools-for-STM32/bin/../lib/gcc/arm-none-eabi/14.3.1/../../../../arm-none-eabi/lib/thumb/v7-m/nofp\libc_nano.a(libc_a-init.o)
__preinit_array_start                             C:/ST/STM32CubeCLT_1.21.0/GNU-tools-for-STM32/bin/../lib/gcc/arm-none-eabi/14.3.1/../../../../arm-none-eabi/lib/thumb/v7-m/nofp\libc_nano.a(libc_a-init.o)
__register_frame_info                             C:/ST/STM32CubeCLT_1.21.0/GNU-tools-for-STM32/bin/../lib/gcc/arm-none-eabi/14.3.1/thumb/v7-m/nofp/crtbegin.o
__retarget_lock_acquire                           C:/ST/STM32CubeCLT_1.21.0/GNU-tools-for-STM32/bin/../lib/gcc/arm-none-eabi/14.3.1/../../../../arm-none-eabi/lib/thumb/v7-m/nofp\libc_nano.a(libc_a-lock.o)
__retarget_lock_acquire_recursive                 C:/ST/STM32CubeCLT_1.21.0/GNU-tools-for-STM32/bin/../lib/gcc/arm-none-eabi/14.3.1/../../../../arm-none-eabi/lib/thumb/v7-m/nofp\libc_nano.a(libc_a-lock.o)
                                                  C:/ST/STM32CubeCLT_1.21.0/GNU-tools-for-STM32/bin/../lib/gcc/arm-none-eabi/14.3.1/../../../../arm-none-eabi/lib/thumb/v7-m/nofp\libc_nano.a(libc_a-fflush.o)
                                                  C:/ST/STM32CubeCLT_1.21.0/GNU-tools-for-STM32/bin/../lib/gcc/arm-none-eabi/14.3.1/../../../../arm-none-eabi/lib/thumb/v7-m/nofp\libc_nano.a(libc_a-mlock.o)
                                                  C:/ST/STM32CubeCLT_1.21.0/GNU-tools-for-STM32/bin/../lib/gcc/arm-none-eabi/14.3.1/../../../../arm-none-eabi/lib/thumb/v7-m/nofp\libc_nano.a(libc_a-findfp.o)
__retarget_lock_close                             C:/ST/STM32CubeCLT_1.21.0/GNU-tools-for-STM32/bin/../lib/gcc/arm-none-eabi/14.3.1/../../../../arm-none-eabi/lib/thumb/v7-m/nofp\libc_nano.a(libc_a-lock.o)
__retarget_lock_close_recursive                   C:/ST/STM32CubeCLT_1.21.0/GNU-tools-for-STM32/bin/../lib/gcc/arm-none-eabi/14.3.1/../../../../arm-none-eabi/lib/thumb/v7-m/nofp\libc_nano.a(libc_a-lock.o)
__retarget_lock_init                              C:/ST/STM32CubeCLT_1.21.0/GNU-tools-for-STM32/bin/../lib/gcc/arm-none-eabi/14.3.1/../../../../arm-none-eabi/lib/thumb/v7-m/nofp\libc_nano.a(libc_a-lock.o)
__retarget_lock_init_recursive                    C:/ST/STM32CubeCLT_1.21.0/GNU-tools-for-STM32/bin/../lib/gcc/arm-none-eabi/14.3.1/../../../../arm-none-eabi/lib/thumb/v7-m/nofp\libc_nano.a(libc_a-lock.o)
                                                  C:/ST/STM32CubeCLT_1.21.0/GNU-tools-for-STM32/bin/../lib/gcc/arm-none-eabi/14.3.1/../../../../arm-none-eabi/lib/thumb/v7-m/nofp\libc_nano.a(libc_a-findfp.o)
__retarget_lock_release                           C:/ST/STM32CubeCLT_1.21.0/GNU-tools-for-STM32/bin/../lib/gcc/arm-none-eabi/14.3.1/../../../../arm-none-eabi/lib/thumb/v7-m/nofp\libc_nano.a(libc_a-lock.o)
__retarget_lock_release_recursive                 C:/ST/STM32CubeCLT_1.21.0/GNU-tools-for-STM32/bin/../lib/gcc/arm-none-eabi/14.3.1/../../../../arm-none-eabi/lib/thumb/v7-m/nofp\libc_nano.a(libc_a-lock.o)
                                                  C:/ST/STM32CubeCLT_1.21.0/GNU-tools-for-STM32/bin/../lib/gcc/arm-none-eabi/14.3.1/../../../../arm-none-eabi/lib/thumb/v7-m/nofp\libc_nano.a(libc_a-fflush.o)
                                                  C:/ST/STM32CubeCLT_1.21.0/GNU-tools-for-STM32/bin/../lib/gcc/arm-none-eabi/14.3.1/../../../../arm-none-eabi/lib/thumb/v7-m/nofp\libc_nano.a(libc_a-mlock.o)
                                                  C:/ST/STM32CubeCLT_1.21.0/GNU-tools-for-STM32/bin/../lib/gcc/arm-none-eabi/14.3.1/../../../../arm-none-eabi/lib/thumb/v7-m/nofp\libc_nano.a(libc_a-findfp.o)
__retarget_lock_try_acquire                       C:/ST/STM32CubeCLT_1.21.0/GNU-tools-for-STM32/bin/../lib/gcc/arm-none-eabi/14.3.1/../../../../arm-none-eabi/lib/thumb/v7-m/nofp\libc_nano.a(libc_a-lock.o)
__retarget_lock_try_acquire_recursive             C:/ST/STM32CubeCLT_1.21.0/GNU-tools-for-STM32/bin/../lib/gcc/arm-none-eabi/14.3.1/../../../../arm-none-eabi/lib/thumb/v7-m/nofp\libc_nano.a(libc_a-lock.o)
__sclose                                          C:/ST/STM32CubeCLT_1.21.0/GNU-tools-for-STM32/bin/../lib/gcc/arm-none-eabi/14.3.1/../../../../arm-none-eabi/lib/thumb/v7-m/nofp\libc_nano.a(libc_a-stdio.o)
                                                  C:/ST/STM32CubeCLT_1.21.0/GNU-tools-for-STM32/bin/../lib/gcc/arm-none-eabi/14.3.1/../../../../arm-none-eabi/lib/thumb/v7-m/nofp\libc_nano.a(libc_a-findfp.o)
__seofread                                        C:/ST/STM32CubeCLT_1.21.0/GNU-tools-for-STM32/bin/../lib/gcc/arm-none-eabi/14.3.1/../../../../arm-none-eabi/lib/thumb/v7-m/nofp\libc_nano.a(libc_a-stdio.o)
__sf                                              C:/ST/STM32CubeCLT_1.21.0/GNU-tools-for-STM32/bin/../lib/gcc/arm-none-eabi/14.3.1/../../../../arm-none-eabi/lib/thumb/v7-m/nofp\libc_nano.a(libc_a-findfp.o)
                                                  C:/ST/STM32CubeCLT_1.21.0/GNU-tools-for-STM32/bin/../lib/gcc/arm-none-eabi/14.3.1/../../../../arm-none-eabi/lib/thumb/v7-m/nofp\libc_nano.a(libc_a-impure.o)
__sflush_r                                        C:/ST/STM32CubeCLT_1.21.0/GNU-tools-for-STM32/bin/../lib/gcc/arm-none-eabi/14.3.1/../../../../arm-none-eabi/lib/thumb/v7-m/nofp\libc_nano.a(libc_a-fflush.o)
__sfp                                             C:/ST/STM32CubeCLT_1.21.0/GNU-tools-for-STM32/bin/../lib/gcc/arm-none-eabi/14.3.1/../../../../arm-none-eabi/lib/thumb/v7-m/nofp\libc_nano.a(libc_a-findfp.o)
__sfp_lock_acquire                                C:/ST/STM32CubeCLT_1.21.0/GNU-tools-for-STM32/bin/../lib/gcc/arm-none-eabi/14.3.1/../../../../arm-none-eabi/lib/thumb/v7-m/nofp\libc_nano.a(libc_a-findfp.o)
__sfp_lock_release                                C:/ST/STM32CubeCLT_1.21.0/GNU-tools-for-STM32/bin/../lib/gcc/arm-none-eabi/14.3.1/../../../../arm-none-eabi/lib/thumb/v7-m/nofp\libc_nano.a(libc_a-findfp.o)
__sglue                                           C:/ST/STM32CubeCLT_1.21.0/GNU-tools-for-STM32/bin/../lib/gcc/arm-none-eabi/14.3.1/../../../../arm-none-eabi/lib/thumb/v7-m/nofp\libc_nano.a(libc_a-findfp.o)
                                                  C:/ST/STM32CubeCLT_1.21.0/GNU-tools-for-STM32/bin/../lib/gcc/arm-none-eabi/14.3.1/../../../../arm-none-eabi/lib/thumb/v7-m/nofp\libc_nano.a(libc_a-fflush.o)
__sinit                                           C:/ST/STM32CubeCLT_1.21.0/GNU-tools-for-STM32/bin/../lib/gcc/arm-none-eabi/14.3.1/../../../../arm-none-eabi/lib/thumb/v7-m/nofp\libc_nano.a(libc_a-findfp.o)
                                                  C:/ST/STM32CubeCLT_1.21.0/GNU-tools-for-STM32/bin/../lib/gcc/arm-none-eabi/14.3.1/../../../../arm-none-eabi/lib/thumb/v7-m/nofp\libc_nano.a(libc_a-fflush.o)
__sread                                           C:/ST/STM32CubeCLT_1.21.0/GNU-tools-for-STM32/bin/../lib/gcc/arm-none-eabi/14.3.1/../../../../arm-none-eabi/lib/thumb/v7-m/nofp\libc_nano.a(libc_a-stdio.o)
                                                  C:/ST/STM32CubeCLT_1.21.0/GNU-tools-for-STM32/bin/../lib/gcc/arm-none-eabi/14.3.1/../../../../arm-none-eabi/lib/thumb/v7-m/nofp\libc_nano.a(libc_a-findfp.o)
__sseek                                           C:/ST/STM32CubeCLT_1.21.0/GNU-tools-for-STM32/bin/../lib/gcc/arm-none-eabi/14.3.1/../../../../arm-none-eabi/lib/thumb/v7-m/nofp\libc_nano.a(libc_a-stdio.o)
                                                  C:/ST/STM32CubeCLT_1.21.0/GNU-tools-for-STM32/bin/../lib/gcc/arm-none-eabi/14.3.1/../../../../arm-none-eabi/lib/thumb/v7-m/nofp\libc_nano.a(libc_a-findfp.o)
__stack                                           C:/ST/STM32CubeCLT_1.21.0/GNU-tools-for-STM32/bin/../lib/gcc/arm-none-eabi/14.3.1/../../../../arm-none-eabi/lib/thumb/v7-m/nofp/crt0.o
__stdio_exit_handler                              C:/ST/STM32CubeCLT_1.21.0/GNU-tools-for-STM32/bin/../lib/gcc/arm-none-eabi/14.3.1/../../../../arm-none-eabi/lib/thumb/v7-m/nofp\libc_nano.a(libc_a-findfp.o)
                                                  C:/ST/STM32CubeCLT_1.21.0/GNU-tools-for-STM32/bin/../lib/gcc/arm-none-eabi/14.3.1/../../../../arm-none-eabi/lib/thumb/v7-m/nofp\libc_nano.a(libc_a-exit.o)
__swrite                                          C:/ST/STM32CubeCLT_1.21.0/GNU-tools-for-STM32/bin/../lib/gcc/arm-none-eabi/14.3.1/../../../../arm-none-eabi/lib/thumb/v7-m/nofp\libc_nano.a(libc_a-stdio.o)
                                                  C:/ST/STM32CubeCLT_1.21.0/GNU-tools-for-STM32/bin/../lib/gcc/arm-none-eabi/14.3.1/../../../../arm-none-eabi/lib/thumb/v7-m/nofp\libc_nano.a(libc_a-findfp.o)
_close                                            D:\My_Workspace\stm32-workspace\led_links\build\syscalls.o
                                                  C:/ST/STM32CubeCLT_1.21.0/GNU-tools-for-STM32/bin/../lib/gcc/arm-none-eabi/14.3.1/../../../../arm-none-eabi/lib/thumb/v7-m/nofp\libc_nano.a(libc_a-closer.o)
_close_r                                          C:/ST/STM32CubeCLT_1.21.0/GNU-tools-for-STM32/bin/../lib/gcc/arm-none-eabi/14.3.1/../../../../arm-none-eabi/lib/thumb/v7-m/nofp\libc_nano.a(libc_a-closer.o)
                                                  C:/ST/STM32CubeCLT_1.21.0/GNU-tools-for-STM32/bin/../lib/gcc/arm-none-eabi/14.3.1/../../../../arm-none-eabi/lib/thumb/v7-m/nofp\libc_nano.a(libc_a-stdio.o)
_ebss                                             D:\My_Workspace\stm32-workspace\led_links\build\startup_stm32f103xb.o
_edata                                            D:\My_Workspace\stm32-workspace\led_links\build\startup_stm32f103xb.o
_end                                              D:\My_Workspace\stm32-workspace\led_links\build\sysmem.o
_estack                                           D:\My_Workspace\stm32-workspace\led_links\build\sysmem.o
                                                  D:\My_Workspace\stm32-workspace\led_links\build\startup_stm32f103xb.o
_execve                                           D:\My_Workspace\stm32-workspace\led_links\build\syscalls.o
_exit                                             D:\My_Workspace\stm32-workspace\led_links\build\syscalls.o
                                                  C:/ST/STM32CubeCLT_1.21.0/GNU-tools-for-STM32/bin/../lib/gcc/arm-none-eabi/14.3.1/../../../../arm-none-eabi/lib/thumb/v7-m/nofp\libc_nano.a(libc_a-exit.o)
_fflush_r                                         C:/ST/STM32CubeCLT_1.21.0/GNU-tools-for-STM32/bin/../lib/gcc/arm-none-eabi/14.3.1/../../../../arm-none-eabi/lib/thumb/v7-m/nofp\libc_nano.a(libc_a-fflush.o)
                                                  C:/ST/STM32CubeCLT_1.21.0/GNU-tools-for-STM32/bin/../lib/gcc/arm-none-eabi/14.3.1/../../../../arm-none-eabi/lib/thumb/v7-m/nofp\libc_nano.a(libc_a-findfp.o)
_fini                                             C:/ST/STM32CubeCLT_1.21.0/GNU-tools-for-STM32/bin/../lib/gcc/arm-none-eabi/14.3.1/thumb/v7-m/nofp/crti.o
_fork                                             D:\My_Workspace\stm32-workspace\led_links\build\syscalls.o
_free_r                                           C:/ST/STM32CubeCLT_1.21.0/GNU-tools-for-STM32/bin/../lib/gcc/arm-none-eabi/14.3.1/../../../../arm-none-eabi/lib/thumb/v7-m/nofp\libc_nano.a(libc_a-freer.o)
                                                  C:/ST/STM32CubeCLT_1.21.0/GNU-tools-for-STM32/bin/../lib/gcc/arm-none-eabi/14.3.1/../../../../arm-none-eabi/lib/thumb/v7-m/nofp\libc_nano.a(libc_a-fflush.o)
                                                  C:/ST/STM32CubeCLT_1.21.0/GNU-tools-for-STM32/bin/../lib/gcc/arm-none-eabi/14.3.1/../../../../arm-none-eabi/lib/thumb/v7-m/nofp\libc_nano.a(libc_a-reent.o)
_fstat                                            D:\My_Workspace\stm32-workspace\led_links\build\syscalls.o
_fwalk_sglue                                      C:/ST/STM32CubeCLT_1.21.0/GNU-tools-for-STM32/bin/../lib/gcc/arm-none-eabi/14.3.1/../../../../arm-none-eabi/lib/thumb/v7-m/nofp\libc_nano.a(libc_a-fwalk.o)
                                                  C:/ST/STM32CubeCLT_1.21.0/GNU-tools-for-STM32/bin/../lib/gcc/arm-none-eabi/14.3.1/../../../../arm-none-eabi/lib/thumb/v7-m/nofp\libc_nano.a(libc_a-fflush.o)
                                                  C:/ST/STM32CubeCLT_1.21.0/GNU-tools-for-STM32/bin/../lib/gcc/arm-none-eabi/14.3.1/../../../../arm-none-eabi/lib/thumb/v7-m/nofp\libc_nano.a(libc_a-findfp.o)
_getpid                                           D:\My_Workspace\stm32-workspace\led_links\build\syscalls.o
_impure_data                                      C:/ST/STM32CubeCLT_1.21.0/GNU-tools-for-STM32/bin/../lib/gcc/arm-none-eabi/14.3.1/../../../../arm-none-eabi/lib/thumb/v7-m/nofp\libc_nano.a(libc_a-impure.o)
                                                  C:/ST/STM32CubeCLT_1.21.0/GNU-tools-for-STM32/bin/../lib/gcc/arm-none-eabi/14.3.1/../../../../arm-none-eabi/lib/thumb/v7-m/nofp\libc_nano.a(libc_a-fflush.o)
                                                  C:/ST/STM32CubeCLT_1.21.0/GNU-tools-for-STM32/bin/../lib/gcc/arm-none-eabi/14.3.1/../../../../arm-none-eabi/lib/thumb/v7-m/nofp\libc_nano.a(libc_a-findfp.o)
_impure_ptr                                       C:/ST/STM32CubeCLT_1.21.0/GNU-tools-for-STM32/bin/../lib/gcc/arm-none-eabi/14.3.1/../../../../arm-none-eabi/lib/thumb/v7-m/nofp\libc_nano.a(libc_a-impure.o)
                                                  C:/ST/STM32CubeCLT_1.21.0/GNU-tools-for-STM32/bin/../lib/gcc/arm-none-eabi/14.3.1/../../../../arm-none-eabi/lib/thumb/v7-m/nofp\libc_nano.a(libc_a-fflush.o)
                                                  C:/ST/STM32CubeCLT_1.21.0/GNU-tools-for-STM32/bin/../lib/gcc/arm-none-eabi/14.3.1/../../../../arm-none-eabi/lib/thumb/v7-m/nofp\libc_nano.a(libc_a-errno.o)
                                                  C:/ST/STM32CubeCLT_1.21.0/GNU-tools-for-STM32/bin/../lib/gcc/arm-none-eabi/14.3.1/../../../../arm-none-eabi/lib/thumb/v7-m/nofp\libc_nano.a(libc_a-reent.o)
_init                                             C:/ST/STM32CubeCLT_1.21.0/GNU-tools-for-STM32/bin/../lib/gcc/arm-none-eabi/14.3.1/thumb/v7-m/nofp/crti.o
                                                  C:/ST/STM32CubeCLT_1.21.0/GNU-tools-for-STM32/bin/../lib/gcc/arm-none-eabi/14.3.1/../../../../arm-none-eabi/lib/thumb/v7-m/nofp\libc_nano.a(libc_a-init.o)
_isatty                                           D:\My_Workspace\stm32-workspace\led_links\build\syscalls.o
_kill                                             D:\My_Workspace\stm32-workspace\led_links\build\syscalls.o
_link                                             D:\My_Workspace\stm32-workspace\led_links\build\syscalls.o
_lseek                                            D:\My_Workspace\stm32-workspace\led_links\build\syscalls.o
                                                  C:/ST/STM32CubeCLT_1.21.0/GNU-tools-for-STM32/bin/../lib/gcc/arm-none-eabi/14.3.1/../../../../arm-none-eabi/lib/thumb/v7-m/nofp\libc_nano.a(libc_a-lseekr.o)
_lseek_r                                          C:/ST/STM32CubeCLT_1.21.0/GNU-tools-for-STM32/bin/../lib/gcc/arm-none-eabi/14.3.1/../../../../arm-none-eabi/lib/thumb/v7-m/nofp\libc_nano.a(libc_a-lseekr.o)
                                                  C:/ST/STM32CubeCLT_1.21.0/GNU-tools-for-STM32/bin/../lib/gcc/arm-none-eabi/14.3.1/../../../../arm-none-eabi/lib/thumb/v7-m/nofp\libc_nano.a(libc_a-stdio.o)
_mainCRTStartup                                   C:/ST/STM32CubeCLT_1.21.0/GNU-tools-for-STM32/bin/../lib/gcc/arm-none-eabi/14.3.1/../../../../arm-none-eabi/lib/thumb/v7-m/nofp/crt0.o
_malloc_r                                         C:/ST/STM32CubeCLT_1.21.0/GNU-tools-for-STM32/bin/../lib/gcc/arm-none-eabi/14.3.1/../../../../arm-none-eabi/lib/thumb/v7-m/nofp\libc_nano.a(libc_a-mallocr.o)
                                                  C:/ST/STM32CubeCLT_1.21.0/GNU-tools-for-STM32/bin/../lib/gcc/arm-none-eabi/14.3.1/../../../../arm-none-eabi/lib/thumb/v7-m/nofp\libc_nano.a(libc_a-findfp.o)
_open                                             D:\My_Workspace\stm32-workspace\led_links\build\syscalls.o
_read                                             D:\My_Workspace\stm32-workspace\led_links\build\syscalls.o
                                                  C:/ST/STM32CubeCLT_1.21.0/GNU-tools-for-STM32/bin/../lib/gcc/arm-none-eabi/14.3.1/../../../../arm-none-eabi/lib/thumb/v7-m/nofp\libc_nano.a(libc_a-readr.o)
_read_r                                           C:/ST/STM32CubeCLT_1.21.0/GNU-tools-for-STM32/bin/../lib/gcc/arm-none-eabi/14.3.1/../../../../arm-none-eabi/lib/thumb/v7-m/nofp\libc_nano.a(libc_a-readr.o)
                                                  C:/ST/STM32CubeCLT_1.21.0/GNU-tools-for-STM32/bin/../lib/gcc/arm-none-eabi/14.3.1/../../../../arm-none-eabi/lib/thumb/v7-m/nofp\libc_nano.a(libc_a-stdio.o)
_reclaim_reent                                    C:/ST/STM32CubeCLT_1.21.0/GNU-tools-for-STM32/bin/../lib/gcc/arm-none-eabi/14.3.1/../../../../arm-none-eabi/lib/thumb/v7-m/nofp\libc_nano.a(libc_a-reent.o)
_sbrk                                             D:\My_Workspace\stm32-workspace\led_links\build\sysmem.o
                                                  C:/ST/STM32CubeCLT_1.21.0/GNU-tools-for-STM32/bin/../lib/gcc/arm-none-eabi/14.3.1/../../../../arm-none-eabi/lib/thumb/v7-m/nofp\libc_nano.a(libc_a-sbrkr.o)
_sbrk_r                                           C:/ST/STM32CubeCLT_1.21.0/GNU-tools-for-STM32/bin/../lib/gcc/arm-none-eabi/14.3.1/../../../../arm-none-eabi/lib/thumb/v7-m/nofp\libc_nano.a(libc_a-sbrkr.o)
                                                  C:/ST/STM32CubeCLT_1.21.0/GNU-tools-for-STM32/bin/../lib/gcc/arm-none-eabi/14.3.1/../../../../arm-none-eabi/lib/thumb/v7-m/nofp\libc_nano.a(libc_a-mallocr.o)
_sbss                                             D:\My_Workspace\stm32-workspace\led_links\build\startup_stm32f103xb.o
_sdata                                            D:\My_Workspace\stm32-workspace\led_links\build\startup_stm32f103xb.o
_sidata                                           D:\My_Workspace\stm32-workspace\led_links\build\startup_stm32f103xb.o
_stack_init                                       C:/ST/STM32CubeCLT_1.21.0/GNU-tools-for-STM32/bin/../lib/gcc/arm-none-eabi/14.3.1/../../../../arm-none-eabi/lib/thumb/v7-m/nofp/crt0.o
_start                                            C:/ST/STM32CubeCLT_1.21.0/GNU-tools-for-STM32/bin/../lib/gcc/arm-none-eabi/14.3.1/../../../../arm-none-eabi/lib/thumb/v7-m/nofp/crt0.o
_stat                                             D:\My_Workspace\stm32-workspace\led_links\build\syscalls.o
_times                                            D:\My_Workspace\stm32-workspace\led_links\build\syscalls.o
_unlink                                           D:\My_Workspace\stm32-workspace\led_links\build\syscalls.o
_wait                                             D:\My_Workspace\stm32-workspace\led_links\build\syscalls.o
_write                                            D:\My_Workspace\stm32-workspace\led_links\build\syscalls.o
                                                  C:/ST/STM32CubeCLT_1.21.0/GNU-tools-for-STM32/bin/../lib/gcc/arm-none-eabi/14.3.1/../../../../arm-none-eabi/lib/thumb/v7-m/nofp\libc_nano.a(libc_a-writer.o)
_write_r                                          C:/ST/STM32CubeCLT_1.21.0/GNU-tools-for-STM32/bin/../lib/gcc/arm-none-eabi/14.3.1/../../../../arm-none-eabi/lib/thumb/v7-m/nofp\libc_nano.a(libc_a-writer.o)
                                                  C:/ST/STM32CubeCLT_1.21.0/GNU-tools-for-STM32/bin/../lib/gcc/arm-none-eabi/14.3.1/../../../../arm-none-eabi/lib/thumb/v7-m/nofp\libc_nano.a(libc_a-stdio.o)
atexit                                            C:/ST/STM32CubeCLT_1.21.0/GNU-tools-for-STM32/bin/../lib/gcc/arm-none-eabi/14.3.1/../../../../arm-none-eabi/lib/thumb/v7-m/nofp/crt0.o
environ                                           D:\My_Workspace\stm32-workspace\led_links\build\syscalls.o
errno                                             C:/ST/STM32CubeCLT_1.21.0/GNU-tools-for-STM32/bin/../lib/gcc/arm-none-eabi/14.3.1/../../../../arm-none-eabi/lib/thumb/v7-m/nofp\libc_nano.a(libc_a-reent.o)
                                                  C:/ST/STM32CubeCLT_1.21.0/GNU-tools-for-STM32/bin/../lib/gcc/arm-none-eabi/14.3.1/../../../../arm-none-eabi/lib/thumb/v7-m/nofp\libc_nano.a(libc_a-sbrkr.o)
                                                  C:/ST/STM32CubeCLT_1.21.0/GNU-tools-for-STM32/bin/../lib/gcc/arm-none-eabi/14.3.1/../../../../arm-none-eabi/lib/thumb/v7-m/nofp\libc_nano.a(libc_a-writer.o)
                                                  C:/ST/STM32CubeCLT_1.21.0/GNU-tools-for-STM32/bin/../lib/gcc/arm-none-eabi/14.3.1/../../../../arm-none-eabi/lib/thumb/v7-m/nofp\libc_nano.a(libc_a-readr.o)
                                                  C:/ST/STM32CubeCLT_1.21.0/GNU-tools-for-STM32/bin/../lib/gcc/arm-none-eabi/14.3.1/../../../../arm-none-eabi/lib/thumb/v7-m/nofp\libc_nano.a(libc_a-lseekr.o)
                                                  C:/ST/STM32CubeCLT_1.21.0/GNU-tools-for-STM32/bin/../lib/gcc/arm-none-eabi/14.3.1/../../../../arm-none-eabi/lib/thumb/v7-m/nofp\libc_nano.a(libc_a-closer.o)
exit                                              C:/ST/STM32CubeCLT_1.21.0/GNU-tools-for-STM32/bin/../lib/gcc/arm-none-eabi/14.3.1/../../../../arm-none-eabi/lib/thumb/v7-m/nofp\libc_nano.a(libc_a-exit.o)
                                                  C:/ST/STM32CubeCLT_1.21.0/GNU-tools-for-STM32/bin/../lib/gcc/arm-none-eabi/14.3.1/../../../../arm-none-eabi/lib/thumb/v7-m/nofp/crt0.o
fflush                                            C:/ST/STM32CubeCLT_1.21.0/GNU-tools-for-STM32/bin/../lib/gcc/arm-none-eabi/14.3.1/../../../../arm-none-eabi/lib/thumb/v7-m/nofp\libc_nano.a(libc_a-fflush.o)
g_pfnVectors                                      D:\My_Workspace\stm32-workspace\led_links\build\startup_stm32f103xb.o
hardware_init_hook                                C:/ST/STM32CubeCLT_1.21.0/GNU-tools-for-STM32/bin/../lib/gcc/arm-none-eabi/14.3.1/../../../../arm-none-eabi/lib/thumb/v7-m/nofp/crt0.o
initialise_monitor_handles                        D:\My_Workspace\stm32-workspace\led_links\build\syscalls.o
main                                              D:\My_Workspace\stm32-workspace\led_links\build\main.o
                                                  D:\My_Workspace\stm32-workspace\led_links\build\startup_stm32f103xb.o
                                                  C:/ST/STM32CubeCLT_1.21.0/GNU-tools-for-STM32/bin/../lib/gcc/arm-none-eabi/14.3.1/../../../../arm-none-eabi/lib/thumb/v7-m/nofp/crt0.o
memset                                            C:/ST/STM32CubeCLT_1.21.0/GNU-tools-for-STM32/bin/../lib/gcc/arm-none-eabi/14.3.1/../../../../arm-none-eabi/lib/thumb/v7-m/nofp\libc_nano.a(libc_a-memset.o)
                                                  C:/ST/STM32CubeCLT_1.21.0/GNU-tools-for-STM32/bin/../lib/gcc/arm-none-eabi/14.3.1/../../../../arm-none-eabi/lib/thumb/v7-m/nofp\libc_nano.a(libc_a-findfp.o)
                                                  D:\My_Workspace\stm32-workspace\led_links\build\main.o
                                                  C:/ST/STM32CubeCLT_1.21.0/GNU-tools-for-STM32/bin/../lib/gcc/arm-none-eabi/14.3.1/../../../../arm-none-eabi/lib/thumb/v7-m/nofp/crt0.o
pFlash                                            D:\My_Workspace\stm32-workspace\led_links\build\stm32f1xx_hal_flash.o
                                                  D:\My_Workspace\stm32-workspace\led_links\build\stm32f1xx_hal_flash_ex.o
software_init_hook                                C:/ST/STM32CubeCLT_1.21.0/GNU-tools-for-STM32/bin/../lib/gcc/arm-none-eabi/14.3.1/../../../../arm-none-eabi/lib/thumb/v7-m/nofp/crt0.o
uwTick                                            D:\My_Workspace\stm32-workspace\led_links\build\stm32f1xx_hal.o
uwTickFreq                                        D:\My_Workspace\stm32-workspace\led_links\build\stm32f1xx_hal.o
uwTickPrio                                        D:\My_Workspace\stm32-workspace\led_links\build\stm32f1xx_hal.o
                                                  D:\My_Workspace\stm32-workspace\led_links\build\stm32f1xx_hal_rcc.o
